Component: ARM Compiler 5.06 update 4 (build 422) Tool: armlink [4d35d2]

==============================================================================

Section Cross References

    startup_stm32f407xx.o(STACK) refers (Special) to heapauxi.o(.text) for __use_two_region_memory
    startup_stm32f407xx.o(HEAP) refers (Special) to heapauxi.o(.text) for __use_two_region_memory
    startup_stm32f407xx.o(RESET) refers (Special) to heapauxi.o(.text) for __use_two_region_memory
    startup_stm32f407xx.o(RESET) refers to startup_stm32f407xx.o(STACK) for __initial_sp
    startup_stm32f407xx.o(RESET) refers to startup_stm32f407xx.o(.text) for Reset_Handler
    startup_stm32f407xx.o(RESET) refers to stm32f4xx_it.o(i.NMI_Handler) for NMI_Handler
    startup_stm32f407xx.o(RESET) refers to stm32f4xx_it.o(i.HardFault_Handler) for HardFault_Handler
    startup_stm32f407xx.o(RESET) refers to stm32f4xx_it.o(i.MemManage_Handler) for MemManage_Handler
    startup_stm32f407xx.o(RESET) refers to stm32f4xx_it.o(i.BusFault_Handler) for BusFault_Handler
    startup_stm32f407xx.o(RESET) refers to stm32f4xx_it.o(i.UsageFault_Handler) for UsageFault_Handler
    startup_stm32f407xx.o(RESET) refers to stm32f4xx_it.o(i.SVC_Handler) for SVC_Handler
    startup_stm32f407xx.o(RESET) refers to stm32f4xx_it.o(i.DebugMon_Handler) for DebugMon_Handler
    startup_stm32f407xx.o(RESET) refers to stm32f4xx_it.o(i.PendSV_Handler) for PendSV_Handler
    startup_stm32f407xx.o(RESET) refers to stm32f4xx_it.o(i.SysTick_Handler) for SysTick_Handler
    startup_stm32f407xx.o(RESET) refers to stm32f4xx_it.o(i.DMA2_Stream0_IRQHandler) for DMA2_Stream0_IRQHandler
    startup_stm32f407xx.o(.text) refers (Special) to heapauxi.o(.text) for __use_two_region_memory
    startup_stm32f407xx.o(.text) refers to system_stm32f4xx.o(i.SystemInit) for SystemInit
    startup_stm32f407xx.o(.text) refers to __main.o(!!!main) for __main
    startup_stm32f407xx.o(.text) refers to startup_stm32f407xx.o(HEAP) for Heap_Mem
    startup_stm32f407xx.o(.text) refers to startup_stm32f407xx.o(STACK) for Stack_Mem
    delay.o(i.delay_Init) refers to stm32f4xx_hal_rcc.o(i.HAL_RCC_GetHCLKFreq) for HAL_RCC_GetHCLKFreq
    delay.o(i.delay_Init) refers to delay.o(.data) for .data
    delay.o(i.delay_init) refers to stm32f4xx_hal_cortex.o(i.HAL_SYSTICK_CLKSourceConfig) for HAL_SYSTICK_CLKSourceConfig
    delay.o(i.delay_init) refers to delay.o(.data) for .data
    delay.o(i.delay_ms) refers to delay.o(i.delay_us) for delay_us
    delay.o(i.delay_us) refers to delay.o(.data) for .data
    errcode.o(i.wifi_init_err) refers to stm32f4xx_hal_gpio.o(i.HAL_GPIO_WritePin) for HAL_GPIO_WritePin
    errcode.o(i.wifi_send_err) refers to stm32f4xx_hal_gpio.o(i.HAL_GPIO_WritePin) for HAL_GPIO_WritePin
    errcode.o(i.wifi_spi_err) refers to stm32f4xx_hal_gpio.o(i.HAL_GPIO_WritePin) for HAL_GPIO_WritePin
    errcode.o(i.wifi_workmode_err) refers to stm32f4xx_hal_gpio.o(i.HAL_GPIO_WritePin) for HAL_GPIO_WritePin
    main.o(i.HAL_ADC_ConvCpltCallback) refers to stm32f4xx_hal_adc.o(i.HAL_ADC_Start_DMA) for HAL_ADC_Start_DMA
    main.o(i.HAL_ADC_ConvCpltCallback) refers to M8266WIFIDrv_STM32F4xx.o(.text.M8266WIFI_SPI_Send_Data) for M8266WIFI_SPI_Send_Data
    main.o(i.HAL_ADC_ConvCpltCallback) refers to main.o(.data) for .data
    main.o(i.HAL_ADC_ConvCpltCallback) refers to main.o(.bss) for .bss
    main.o(i.HAL_ADC_ConvCpltCallback) refers to adc.o(.bss) for hadc3
    main.o(i.SystemClock_Config) refers to rt_memclr_w.o(.text) for __aeabi_memclr4
    main.o(i.SystemClock_Config) refers to stm32f4xx_hal_rcc.o(i.HAL_RCC_OscConfig) for HAL_RCC_OscConfig
    main.o(i.SystemClock_Config) refers to stm32f4xx_hal_rcc.o(i.HAL_RCC_ClockConfig) for HAL_RCC_ClockConfig
    main.o(i.main) refers to stm32f4xx_hal.o(i.HAL_Init) for HAL_Init
    main.o(i.main) refers to main.o(i.SystemClock_Config) for SystemClock_Config
    main.o(i.main) refers to gpio.o(i.MX_GPIO_Init) for MX_GPIO_Init
    main.o(i.main) refers to dma.o(i.MX_DMA_Init) for MX_DMA_Init
    main.o(i.main) refers to spi.o(i.MX_SPI1_Init) for MX_SPI1_Init
    main.o(i.main) refers to adc.o(i.MX_ADC3_Init) for MX_ADC3_Init
    main.o(i.main) refers to delay.o(i.delay_Init) for delay_Init
    main.o(i.main) refers to m8266hostif_stm32xx.o(i.M8266HostIf_Init) for M8266HostIf_Init
    main.o(i.main) refers to m8266wifi_ops.o(i.M8266WIFI_Module_Init_Via_SPI) for M8266WIFI_Module_Init_Via_SPI
    main.o(i.main) refers to errcode.o(i.wifi_spi_err) for wifi_spi_err
    main.o(i.main) refers to main.o(i.wifi_init) for wifi_init
    main.o(i.main) refers to stm32f4xx_hal_gpio.o(i.HAL_GPIO_WritePin) for HAL_GPIO_WritePin
    main.o(i.main) refers to stm32f4xx_hal_adc.o(i.HAL_ADC_Start_DMA) for HAL_ADC_Start_DMA
    main.o(i.main) refers to errcode.o(i.wifi_workmode_err) for wifi_workmode_err
    main.o(i.main) refers to main.o(.bss) for .bss
    main.o(i.main) refers to adc.o(.bss) for hadc3
[...]
    ..\\Src\\errcode.c                       0x00000000   Number         0  errcode.o ABSOLUTE
    ..\\Src\\led.c                           0x00000000   Number         0  led.o ABSOLUTE
    ..\\Src\\sys.c                           0x00000000   Number         0  sys.o ABSOLUTE
    M8266WIFIDrv.c                           0x00000000   Number         0  M8266WIFIDrv_STM32F4xx.o ABSOLUTE
    dc.s                                     0x00000000   Number         0  dc.o ABSOLUTE
    startup_stm32f407xx.s                    0x00000000   Number         0  startup_stm32f407xx.o ABSOLUTE
    RESET                                    0x08000000   Section      392  startup_stm32f407xx.o(RESET)
    !!!main                                  0x08000188   Section        8  __main.o(!!!main)
    !!!scatter                               0x08000190   Section       52  __scatter.o(!!!scatter)
    !!handler_copy                           0x080001c4   Section       26  __scatter_copy.o(!!handler_copy)
    !!handler_zi                             0x080001e0   Section       28  __scatter_zi.o(!!handler_zi)
    .ARM.Collect$$libinit$$00000000          0x080001fc   Section        2  libinit.o(.ARM.Collect$$libinit$$00000000)
    .ARM.Collect$$libinit$$00000001          0x080001fe   Section        4  libinit2.o(.ARM.Collect$$libinit$$00000001)
    .ARM.Collect$$libinit$$00000004          0x08000202   Section        0  libinit2.o(.ARM.Collect$$libinit$$00000004)
    .ARM.Collect$$libinit$$0000000A          0x08000202   Section        0  libinit2.o(.ARM.Collect$$libinit$$0000000A)
    .ARM.Collect$$libinit$$0000000C          0x08000202   Section        0  libinit2.o(.ARM.Collect$$libinit$$0000000C)
    .ARM.Collect$$libinit$$0000000E          0x08000202   Section        0  libinit2.o(.ARM.Collect$$libinit$$0000000E)
    .ARM.Collect$$libinit$$00000011          0x08000202   Section        0  libinit2.o(.ARM.Collect$$libinit$$00000011)
    .ARM.Collect$$libinit$$00000013          0x08000202   Section        0  libinit2.o(.ARM.Collect$$libinit$$00000013)
    .ARM.Collect$$libinit$$00000015          0x08000202   Section        0  libinit2.o(.ARM.Collect$$libinit$$00000015)
    .ARM.Collect$$libinit$$00000017          0x08000202   Section        0  libinit2.o(.ARM.Collect$$libinit$$00000017)
    .ARM.Collect$$libinit$$00000019          0x08000202   Section        0  libinit2.o(.ARM.Collect$$libinit$$00000019)
    .ARM.Collect$$libinit$$0000001B          0x08000202   Section        0  libinit2.o(.ARM.Collect$$libinit$$0000001B)
    .ARM.Collect$$libinit$$0000001D          0x08000202   Section        0  libinit2.o(.ARM.Collect$$libinit$$0000001D)
    .ARM.Collect$$libinit$$0000001F          0x08000202   Section        0  libinit2.o(.ARM.Collect$$libinit$$0000001F)
    .ARM.Collect$$libinit$$00000021          0x08000202   Section        0  libinit2.o(.ARM.Collect$$libinit$$00000021)
    .ARM.Collect$$libinit$$00000023          0x08000202   Section        0  libinit2.o(.ARM.Collect$$libinit$$00000023)
    .ARM.Collect$$libinit$$00000025          0x08000202   Section        0  libinit2.o(.ARM.Collect$$libinit$$00000025)
    .ARM.Collect$$libinit$$0000002C          0x08000202   Section        0  libinit2.o(.ARM.Collect$$libinit$$0000002C)
    .ARM.Collect$$libinit$$0000002E          0x08000202   Section        0  libinit2.o(.ARM.Collect$$libinit$$0000002E)
    .ARM.Collect$$libinit$$00000030          0x08000202   Section        0  libinit2.o(.ARM.Collect$$libinit$$00000030)
    .ARM.Collect$$libinit$$00000032          0x08000202   Section        0  libinit2.o(.ARM.Collect$$libinit$$00000032)
    .ARM.Collect$$libinit$$00000033          0x08000202   Section        2  libinit2.o(.ARM.Collect$$libinit$$00000033)
    .ARM.Collect$$libshutdown$$00000000      0x08000204   Section        2  libshutdown.o(.ARM.Collect$$libshutdown$$00000000)
    .ARM.Collect$$libshutdown$$00000002      0x08000206   Section        0  libshutdown2.o(.ARM.Collect$$libshutdown$$00000002)
    .ARM.Collect$$libshutdown$$00000004      0x08000206   Section        0  libshutdown2.o(.ARM.Collect$$libshutdown$$00000004)
    .ARM.Collect$$libshutdown$$00000007      0x08000206   Section        0  libshutdown2.o(.ARM.Collect$$libshutdown$$00000007)
    .ARM.Collect$$libshutdown$$0000000A      0x08000206   Section        0  libshutdown2.o(.ARM.Collect$$libshutdown$$0000000A)
    .ARM.Collect$$libshutdown$$0000000C      0x08000206   Section        0  libshutdown2.o(.ARM.Collect$$libshutdown$$0000000C)
    .ARM.Collect$$libshutdown$$0000000F      0x08000206   Section        0  libshutdown2.o(.ARM.Collect$$libshutdown$$0000000F)
    .ARM.Collect$$libshutdown$$00000010      0x08000206   Section        2  libshutdown2.o(.ARM.Collect$$libshutdown$$00000010)
    .ARM.Collect$$rtentry$$00000000          0x08000208   Section        0  __rtentry.o(.ARM.Collect$$rtentry$$00000000)
    .ARM.Collect$$rtentry$$00000002          0x08000208   Section        0  __rtentry2.o(.ARM.Collect$$rtentry$$00000002)
    .ARM.Collect$$rtentry$$00000004          0x08000208   Section        6  __rtentry4.o(.ARM.Collect$$rtentry$$00000004)
    .ARM.Collect$$rtentry$$00000009          0x0800020e   Section        0  __rtentry2.o(.ARM.Collect$$rtentry$$00000009)
    .ARM.Collect$$rtentry$$0000000A          0x0800020e   Section        4  __rtentry2.o(.ARM.Collect$$rtentry$$0000000A)
    .ARM.Collect$$rtentry$$0000000C          0x08000212   Section        0  __rtentry2.o(.ARM.Collect$$rtentry$$0000000C)
    .ARM.Collect$$rtentry$$0000000D          0x08000212   Section        8  __rtentry2.o(.ARM.Collect$$rtentry$$0000000D)
    .ARM.Collect$$rtexit$$00000000           0x0800021a   Section        2  rtexit.o(.ARM.Collect$$rtexit$$00000000)
    .ARM.Collect$$rtexit$$00000002           0x0800021c   Section        0  rtexit2.o(.ARM.Collect$$rtexit$$00000002)
    .ARM.Collect$$rtexit$$00000003           0x0800021c   Section        4  rtexit2.o(.ARM.Collect$$rtexit$$00000003)
    .ARM.Collect$$rtexit$$00000004           0x08000220   Section        6  rtexit2.o(.ARM.Collect$$rtexit$$00000004)
    .text                                    0x08000228   Section       64  startup_stm32f407xx.o(.text)
    $v0                                      0x08000228   Number         0  startup_stm32f407xx.o(.text)
    .text                                    0x08000268   Section      238  lludivv7m.o(.text)
    .text                                    0x08000356   Section       22  memset.o(.text)
    .text                                    0x0800036c   Section       78  rt_memclr_w.o(.text)
    .text                                    0x080003bc   Section      128  strcmpv7m.o(.text)
    .text                                    0x0800043c   Section        0  heapauxi.o(.text)
    .text                                    0x08000442   Section       68  rt_memclr.o(.text)
    .text                                    0x08000486   Section       74  sys_stackheap_outer.o(.text)
    .text                                    0x080004d0   Section        0  exit.o(.text)
    .text                                    0x080004e4   Section        8  libspace.o(.text)
    .text                                    0x080004ec   Section        0  sys_exit.o(.text)
    .text                                    0x080004f8   Section        2  use_no_semi.o(.text)
    .text                                    0x080004fa   Section        0  indicate_semi.o(.text)
    [Anonymous Symbol]                       0x080004fc   Section        0  M8266WIFIDrv_STM32F4xx.o(.text.M8266HostIf_SPI_DMA_StartReceiveSendData)
    [Anonymous Symbol]                       0x08000580   Section        0  M8266WIFIDrv_STM32F4xx.o(.text.M8266HostIf_SPI_Select)
    [Anonymous Symbol]                       0x08000674   Section        0  M8266WIFIDrv_STM32F4xx.o(.text.M8266HostIf_SPI_rrs)
    [Anonymous Symbol]                       0x080006b8   Section        0  M8266WIFIDrv_STM32F4xx.o(.text.M8266HostIf_SPI_wrs)
    [Anonymous Symbol]                       0x08000728   Section        0  M8266WIFIDrv_STM32F4xx.o(.text.M8266WIFI_SPI_Config_STA_Param)
    [Anonymous Symbol]                       0x08000742   Section        0  M8266WIFIDrv_STM32F4xx.o(.text.M8266WIFI_SPI_Config_STA_StaticIpAddr)
    [Anonymous Symbol]                       0x080007ce   Section        0  M8266WIFIDrv_STM32F4xx.o(.text.M8266WIFI_SPI_Delete_Connection)
    [Anonymous Symbol]                       0x080007e6   Section        0  M8266WIFIDrv_STM32F4xx.o(.text.M8266WIFI_SPI_Get_Module_Info)
    [Anonymous Symbol]                       0x08000894   Section        0  M8266WIFIDrv_STM32F4xx.o(.text.M8266WIFI_SPI_Get_Opmode)
    [Anonymous Symbol]                       0x08000904   Section        0  M8266WIFIDrv_STM32F4xx.o(.text.M8266WIFI_SPI_Get_STA_Connection_Status)
    [Anonymous Symbol]                       0x0800097e   Section        0  M8266WIFIDrv_STM32F4xx.o(.text.M8266WIFI_SPI_Get_STA_IP_Addr)
    [Anonymous Symbol]                       0x08000a10   Section        0  M8266WIFIDrv_STM32F4xx.o(.text.M8266WIFI_SPI_Interface_Communication_OK)
    [Anonymous Symbol]                       0x08000a64   Section        0  M8266WIFIDrv_STM32F4xx.o(.text.M8266WIFI_SPI_Interface_Communication_Stress_Test)
    [Anonymous Symbol]                       0x08000ad6   Section        0  M8266WIFIDrv_STM32F4xx.o(.text.M8266WIFI_SPI_Query_Connection)
    [Anonymous Symbol]                       0x08000bcc   Section        0  M8266WIFIDrv_STM32F4xx.o(.text.M8266WIFI_SPI_STA_Connect_Ap)
    [Anonymous Symbol]                       0x08000e34   Section        0  M8266WIFIDrv_STM32F4xx.o(.text.M8266WIFI_SPI_STA_Connect_Ap_Old)
    [Anonymous Symbol]                       0x08001024   Section        0  M8266WIFIDrv_STM32F4xx.o(.text.M8266WIFI_SPI_STA_DisConnect_Ap)
    [Anonymous Symbol]                       0x080010a8   Section        0  M8266WIFIDrv_STM32F4xx.o(.text.M8266WIFI_SPI_STA_Get_HostIP_by_HostName)
    [Anonymous Symbol]                       0x08001204   Section        0  M8266WIFIDrv_STM32F4xx.o(.text.M8266WIFI_SPI_STA_Query_Current_SSID_And_RSSI)
    [Anonymous Symbol]                       0x080012b0   Section        0  M8266WIFIDrv_STM32F4xx.o(.text.M8266WIFI_SPI_Send_Data)
    [Anonymous Symbol]                       0x080012c6   Section        0  M8266WIFIDrv_STM32F4xx.o(.text.M8266WIFI_SPI_Set_Opmode)
    [Anonymous Symbol]                       0x08001364   Section        0  M8266WIFIDrv_STM32F4xx.o(.text.M8266WIFI_SPI_Setup_Connection)
    [Anonymous Symbol]                       0x080015c8   Section        0  M8266WIFIDrv_STM32F4xx.o(.text.M8266WIFI_SPI_Slave_Has_Response)
    [Anonymous Symbol]                       0x080015e4   Section        0  M8266WIFIDrv_STM32F4xx.o(.text.M8266WIFI_SPI_TxdBuffer_Free)
    [Anonymous Symbol]                       0x08001600   Section        0  M8266WIFIDrv_STM32F4xx.o(.text.M8266WIFI_SPI_capstp)
    [Anonymous Symbol]                       0x0800171c   Section        0  M8266WIFIDrv_STM32F4xx.o(.text.M8266WIFI_SPI_csb)
    [Anonymous Symbol]                       0x08001772   Section        0  M8266WIFIDrv_STM32F4xx.o(.text.M8266WIFI_SPI_dlodc)
    [Anonymous Symbol]                       0x08001908   Section        0  M8266WIFIDrv_STM32F4xx.o(.text.M8266WIFI_SPI_qacal)
    [Anonymous Symbol]                       0x08001a14   Section        0  M8266WIFIDrv_STM32F4xx.o(.text.M8266WIFI_SPI_rra)
    [Anonymous Symbol]                       0x08001a32   Section        0  M8266WIFIDrv_STM32F4xx.o(.text.M8266WIFI_SPI_rru)
    [Anonymous Symbol]                       0x08001a70   Section        0  M8266WIFIDrv_STM32F4xx.o(.text.M8266WIFI_SPI_sdfal)
    [Anonymous Symbol]                       0x08001d34   Section        0  M8266WIFIDrv_STM32F4xx.o(.text.M8266WIFI_SPI_sptdt)
    [Anonymous Symbol]                       0x08001e48   Section        0  M8266WIFIDrv_STM32F4xx.o(.text.M8266WIFI_SPI_srh)
    [Anonymous Symbol]                       0x08001fcc   Section        0  M8266WIFIDrv_STM32F4xx.o(.text.M8266WIFI_SPI_ssa)
    [Anonymous Symbol]                       0x08001fec   Section        0  M8266WIFIDrv_STM32F4xx.o(.text.M8266WIFI_SPI_ssb)
    [Anonymous Symbol]                       0x08002070   Section        0  M8266WIFIDrv_STM32F4xx.o(.text.M8266WIFI_SPI_ssmd)
    [Anonymous Symbol]                       0x0800213c   Section        0  M8266WIFIDrv_STM32F4xx.o(.text.M8266WIFI_SPI_sstso)
    [Anonymous Symbol]                       0x08002304   Section        0  M8266WIFIDrv_STM32F4xx.o(.text.M8266WIFI_SPI_ssu)
    [Anonymous Symbol]                       0x0800236c   Section        0  M8266WIFIDrv_STM32F4xx.o(.text.M8266WIFI_SPI_ssud)
    [Anonymous Symbol]                       0x080023b0   Section        0  M8266WIFIDrv_STM32F4xx.o(.text.M8266WIFI_SPI_ssut)
    [Anonymous Symbol]                       0x08002418   Section        0  M8266WIFIDrv_STM32F4xx.o(.text.M8266WIFI_SPI_tufs)
    [Anonymous Symbol]                       0x08002434   Section        0  M8266WIFIDrv_STM32F4xx.o(.text.M8266WIFI_SPI_wsbsbs1)
    [Anonymous Symbol]                       0x0800246e   Section        0  M8266WIFIDrv_STM32F4xx.o(.text.M8266WIFI_SPI_wscbf)
    [Anonymous Symbol]                       0x080024ac   Section        0  M8266WIFIDrv_STM32F4xx.o(.text.M8266WIFI_SPI_wscr)
    [Anonymous Symbol]                       0x080024fc   Section        0  M8266WIFIDrv_STM32F4xx.o(.text.M8266WIFI_SPI_wspss)
    [Anonymous Symbol]                       0x08002548   Section        0  M8266WIFIDrv_STM32F4xx.o(.text.M8266WIFI_Wait_SPI_sfad)
    [Anonymous Symbol]                       0x08002584   Section        0  M8266WIFIDrv_STM32F4xx.o(.text.fvcp)
    [Anonymous Symbol]                       0x080025e0   Section        0  M8266WIFIDrv_STM32F4xx.o(.text.fvdnstap)
    i.ADC_DMAConvCplt                        0x08002614   Section        0  stm32f4xx_hal_adc.o(i.ADC_DMAConvCplt)
    ADC_DMAConvCplt                          0x08002615   Thumb Code   110  stm32f4xx_hal_adc.o(i.ADC_DMAConvCplt)
    i.ADC_DMAError                           0x08002682   Section        0  stm32f4xx_hal_adc.o(i.ADC_DMAError)
    ADC_DMAError                             0x08002683   Thumb Code    22  stm32f4xx_hal_adc.o(i.ADC_DMAError)
    i.ADC_DMAHalfConvCplt                    0x08002698   Section        0  stm32f4xx_hal_adc.o(i.ADC_DMAHalfConvCplt)
    ADC_DMAHalfConvCplt                      0x08002699   Thumb Code    10  stm32f4xx_hal_adc.o(i.ADC_DMAHalfConvCplt)
    i.ADC_Init                               0x080026a4   Section        0  stm32f4xx_hal_adc.o(i.ADC_Init)
    ADC_Init                                 0x080026a5   Thumb Code   284  stm32f4xx_hal_adc.o(i.ADC_Init)
    i.BusFault_Handler                       0x080027cc   Section        0  stm32f4xx_it.o(i.BusFault_Handler)
    i.DMA2_Stream0_IRQHandler                0x080027d0   Section        0  stm32f4xx_it.o(i.DMA2_Stream0_IRQHandler)
    i.DMA_CalcBaseAndBitshift                0x080027dc   Section        0  stm32f4xx_hal_dma.o(i.DMA_CalcBaseAndBitshift)
    DMA_CalcBaseAndBitshift                  0x080027dd   Thumb Code    34  stm32f4xx_hal_dma.o(i.DMA_CalcBaseAndBitshift)
    i.DMA_CheckFifoParam                     0x08002804   Section        0  stm32f4xx_hal_dma.o(i.DMA_CheckFifoParam)
    DMA_CheckFifoParam                       0x08002805   Thumb Code    84  stm32f4xx_hal_dma.o(i.DMA_CheckFifoParam)
    i.DMA_SetConfig                          0x08002858   Section        0  stm32f4xx_hal_dma.o(i.DMA_SetConfig)
    DMA_SetConfig                            0x08002859   Thumb Code    40  stm32f4xx_hal_dma.o(i.DMA_SetConfig)
    i.DebugMon_Handler                       0x08002880   Section        0  stm32f4xx_it.o(i.DebugMon_Handler)
    i.Error_Handler                          0x08002882   Section        0  main.o(i.Error_Handler)
    i.HAL_ADC_ConfigChannel                  0x08002888   Section        0  stm32f4xx_hal_adc.o(i.HAL_ADC_ConfigChannel)
    i.HAL_ADC_ConvCpltCallback               0x080029d4   Section        0  main.o(i.HAL_ADC_ConvCpltCallback)
    i.HAL_ADC_ConvHalfCpltCallback           0x08002a2c   Section        0  stm32f4xx_hal_adc.o(i.HAL_ADC_ConvHalfCpltCallback)
    i.HAL_ADC_ErrorCallback                  0x08002a2e   Section        0  stm32f4xx_hal_adc.o(i.HAL_ADC_ErrorCallback)
    i.HAL_ADC_Init                           0x08002a30   Section        0  stm32f4xx_hal_adc.o(i.HAL_ADC_Init)
    i.HAL_ADC_MspInit                        0x08002a84   Section        0  adc.o(i.HAL_ADC_MspInit)
    i.HAL_ADC_Start_DMA                      0x08002b1c   Section        0  stm32f4xx_hal_adc.o(i.HAL_ADC_Start_DMA)
    i.HAL_DMA_IRQHandler                     0x08002c70   Section        0  stm32f4xx_hal_dma.o(i.HAL_DMA_IRQHandler)
    i.HAL_DMA_Init                           0x08002e10   Section        0  stm32f4xx_hal_dma.o(i.HAL_DMA_Init)
    i.HAL_DMA_Start_IT                       0x08002ee4   Section        0  stm32f4xx_hal_dma.o(i.HAL_DMA_Start_IT)
    i.HAL_GPIO_Init                          0x08002f54   Section        0  stm32f4xx_hal_gpio.o(i.HAL_GPIO_Init)
    i.HAL_GPIO_WritePin                      0x08003144   Section        0  stm32f4xx_hal_gpio.o(i.HAL_GPIO_WritePin)
    i.HAL_GetTick                            0x08003150   Section        0  stm32f4xx_hal.o(i.HAL_GetTick)
    i.HAL_IncTick                            0x0800315c   Section        0  stm32f4xx_hal.o(i.HAL_IncTick)
    i.HAL_Init                               0x0800316c   Section        0  stm32f4xx_hal.o(i.HAL_Init)
    i.HAL_InitTick                           0x080031a0   Section        0  stm32f4xx_hal.o(i.HAL_InitTick)
    i.HAL_MspInit                            0x080031e0   Section        0  stm32f4xx_hal_msp.o(i.HAL_MspInit)
    i.HAL_NVIC_EnableIRQ                     0x08003210   Section        0  stm32f4xx_hal_cortex.o(i.HAL_NVIC_EnableIRQ)
    i.HAL_NVIC_SetPriority                   0x0800322c   Section        0  stm32f4xx_hal_cortex.o(i.HAL_NVIC_SetPriority)
    i.HAL_NVIC_SetPriorityGrouping           0x0800326c   Section        0  stm32f4xx_hal_cortex.o(i.HAL_NVIC_SetPriorityGrouping)
    i.HAL_RCC_ClockConfig                    0x08003290   Section        0  stm32f4xx_hal_rcc.o(i.HAL_RCC_ClockConfig)
    i.HAL_RCC_GetHCLKFreq                    0x080033c4   Section        0  stm32f4xx_hal_rcc.o(i.HAL_RCC_GetHCLKFreq)
    i.HAL_RCC_GetSysClockFreq                0x080033d0   Section        0  stm32f4xx_hal_rcc.o(i.HAL_RCC_GetSysClockFreq)
    i.HAL_RCC_OscConfig                      0x08003430   Section        0  stm32f4xx_hal_rcc.o(i.HAL_RCC_OscConfig)
    i.HAL_SPI_Init                           0x0800379c   Section        0  stm32f4xx_hal_spi.o(i.HAL_SPI_Init)
    i.HAL_SPI_MspInit                        0x08003858   Section        0  spi.o(i.HAL_SPI_MspInit)
    i.HAL_SYSTICK_Config                     0x080038c0   Section        0  stm32f4xx_hal_cortex.o(i.HAL_SYSTICK_Config)
    i.HardFault_Handler                      0x080038e8   Section        0  stm32f4xx_it.o(i.HardFault_Handler)
    i.M8266HostIf_GPIO_CS_RESET_Init         0x080038ec   Section        0  m8266hostif_stm32xx.o(i.M8266HostIf_GPIO_CS_RESET_Init)
    i.M8266HostIf_Init                       0x0800395c   Section        0  m8266hostif_stm32xx.o(i.M8266HostIf_Init)
    i.M8266HostIf_SPI_Init                   0x0800396c   Section        0  m8266hostif_stm32xx.o(i.M8266HostIf_SPI_Init)
    i.M8266HostIf_SPI_SetSpeed               0x08003a04   Section        0  m8266hostif_stm32xx.o(i.M8266HostIf_SPI_SetSpeed)
    i.M8266HostIf_Set_SPI_nCS_Pin            0x08003a38   Section        0  m8266hostif_stm32xx.o(i.M8266HostIf_Set_SPI_nCS_Pin)
    i.M8266HostIf_Set_nRESET_Pin             0x08003a4c   Section        0  m8266hostif_stm32xx.o(i.M8266HostIf_Set_nRESET_Pin)
    i.M8266HostIf_delay_us                   0x08003a60   Section        0  m8266hostif_stm32xx.o(i.M8266HostIf_delay_us)
    i.M8266WIFI_Module_Hardware_Reset        0x08003a64   Section        0  m8266wifi_ops.o(i.M8266WIFI_Module_Hardware_Reset)
    i.M8266WIFI_Module_Init_Via_SPI          0x08003aa0   Section        0  m8266wifi_ops.o(i.M8266WIFI_Module_Init_Via_SPI)
    i.M8266WIFI_Module_delay_ms              0x08003b8c   Section        0  m8266wifi_ops.o(i.M8266WIFI_Module_delay_ms)
    i.M8266WIFI_SPI_wait_sta_connecting_to_ap_and_get_ip 0x08003bb0   Section        0  m8266wifi_ops.o(i.M8266WIFI_SPI_wait_sta_connecting_to_ap_and_get_ip)
    i.MX_ADC3_Init                           0x08003bfc   Section        0  adc.o(i.MX_ADC3_Init)
    i.MX_DMA_Init                            0x08003c64   Section        0  dma.o(i.MX_DMA_Init)
    i.MX_GPIO_Init                           0x08003c90   Section        0  gpio.o(i.MX_GPIO_Init)
    i.MX_SPI1_Init                           0x08003d84   Section        0  spi.o(i.MX_SPI1_Init)
    i.MemManage_Handler                      0x08003dc8   Section        0  stm32f4xx_it.o(i.MemManage_Handler)
    i.NMI_Handler                            0x08003dca   Section        0  stm32f4xx_it.o(i.NMI_Handler)
    i.PendSV_Handler                         0x08003dcc   Section        0  stm32f4xx_it.o(i.PendSV_Handler)
    i.SVC_Handler                            0x08003dce   Section        0  stm32f4xx_it.o(i.SVC_Handler)
    i.SysTick_Handler                        0x08003dd0   Section        0  stm32f4xx_it.o(i.SysTick_Handler)
    i.SystemClock_Config                     0x08003dd4   Section        0  main.o(i.SystemClock_Config)
    i.SystemInit                             0x08003e68   Section        0  system_stm32f4xx.o(i.SystemInit)
    i.UsageFault_Handler                     0x08003e78   Section        0  stm32f4xx_it.o(i.UsageFault_Handler)
    i.__NVIC_SetPriority                     0x08003e7a   Section        0  stm32f4xx_hal_cortex.o(i.__NVIC_SetPriority)
    __NVIC_SetPriority                       0x08003e7b   Thumb Code    32  stm32f4xx_hal_cortex.o(i.__NVIC_SetPriority)
    i.delay_Init                             0x08003e9c   Section        0  delay.o(i.delay_Init)
    i.delay_us                               0x08003eb8   Section        0  delay.o(i.delay_us)
    i.main                                   0x08003eec   Section        0  main.o(i.main)
    i.wifi_init                              0x08003f60   Section        0  main.o(i.wifi_init)
    i.wifi_spi_err                           0x08003ff0   Section        0  errcode.o(i.wifi_spi_err)
    i.wifi_workmode_err                      0x0800401c   Section        0  errcode.o(i.wifi_workmode_err)
    x$fpl$fpinit                             0x08004048   Section       10  fpinit.o(x$fpl$fpinit)
    $v0                                      0x08004048   Number         0  fpinit.o(x$fpl$fpinit)
    .constdata                               0x08004054   Section       22  main.o(.constdata)
    .constdata                               0x0800406a   Section        8  stm32f4xx_hal_dma.o(.constdata)
    flagBitshiftOffset                       0x0800406a   Data           8  stm32f4xx_hal_dma.o(.constdata)
    .constdata                               0x08004072   Section       16  system_stm32f4xx.o(.constdata)
    [Anonymous Symbol]                       0x08004084   Section        0  M8266WIFIDrv_STM32F4xx.o(.rodata)
    [Anonymous Symbol]                       0x08004090   Section        0  M8266WIFIDrv_STM32F4xx.o(.rodata.M8266HostIf_SPI_Select.str1.4)
    [Anonymous Symbol]                       0x08004098   Section        0  M8266WIFIDrv_STM32F4xx.o(.rodata.M8266WIFI_SPI_STA_Connect_Ap.str1.4)
    [Anonymous Symbol]                       0x080040a8   Section        0  M8266WIFIDrv_STM32F4xx.o(.rodata.M8266WIFI_SPI_STA_Fetch_Last_Scanned_Signals.str1.4)
    [Anonymous Symbol]                       0x080040b0   Section        0  M8266WIFIDrv_STM32F4xx.o(.rodata.M8266WIFI_SPI_STA_Get_HostIP_by_HostName.str1.4)
    [Anonymous Symbol]                       0x080040b8   Section        0  M8266WIFIDrv_STM32F4xx.o(.rodata.M8266WIFI_SPI_capstp.str1.4)
    [Anonymous Symbol]                       0x080040c0   Section        0  M8266WIFIDrv_STM32F4xx.o(.rodata.M8266WIFI_SPI_srh.str1.4)
    [Anonymous Symbol]                       0x080040c8   Section        0  M8266WIFIDrv_STM32F4xx.o(.rodata.M8266WIFI_SPI_sstso.str1.4)
    [Anonymous Symbol]                       0x080040d8   Section        0  M8266WIFIDrv_STM32F4xx.o(.rodata.cpu_name)
    [Anonymous Symbol]                       0x080040e8   Section        0  M8266WIFIDrv_STM32F4xx.o(.rodata.wr_status_test_data)
    wr_status_test_data                      0x080040e8   Data           6  M8266WIFIDrv_STM32F4xx.o(.rodata.wr_status_test_data)
    .data                                    0x20000000   Section        4  delay.o(.data)
    fac_us                                   0x20000000   Data           4  delay.o(.data)
    .data                                    0x20000004   Section        1  main.o(.data)
    .data                                    0x20000008   Section       12  stm32f4xx_hal.o(.data)
    .data                                    0x20000014   Section        4  system_stm32f4xx.o(.data)
    [Anonymous Symbol]                       0x20000018   Section        0  M8266WIFIDrv_STM32F4xx.o(.data.module_fw_ver)
    module_fw_ver                            0x20000018   Data          17  M8266WIFIDrv_STM32F4xx.o(.data.module_fw_ver)
    .bss                                     0x2000002c   Section     1440  main.o(.bss)
    .bss                                     0x200005cc   Section      168  adc.o(.bss)
    .bss                                     0x20000674   Section       88  spi.o(.bss)
    .bss                                     0x200006cc   Section       88  m8266hostif_stm32xx.o(.bss)
    .bss                                     0x20000724   Section       96  libspace.o(.bss)
    [Anonymous Symbol]                       0x20000784   Section        0  M8266WIFIDrv_STM32F4xx.o(.bss.M8266WIFI_INTERFACE_SPI)
    M8266WIFI_INTERFACE_SPI                  0x20000784   Data           4  M8266WIFIDrv_STM32F4xx.o(.bss.M8266WIFI_INTERFACE_SPI)
    [Anonymous Symbol]                       0x20000788   Section        0  M8266WIFIDrv_STM32F4xx.o(.bss.M8266WIFI_INTERFACE_SPI_RX_DMA)
    M8266WIFI_INTERFACE_SPI_RX_DMA           0x20000788   Data           4  M8266WIFIDrv_STM32F4xx.o(.bss.M8266WIFI_INTERFACE_SPI_RX_DMA)
    [Anonymous Symbol]                       0x2000078c   Section        0  M8266WIFIDrv_STM32F4xx.o(.bss.M8266WIFI_INTERFACE_SPI_RX_DMA_STREAM)
    M8266WIFI_INTERFACE_SPI_RX_DMA_STREAM    0x2000078c   Data           4  M8266WIFIDrv_STM32F4xx.o(.bss.M8266WIFI_INTERFACE_SPI_RX_DMA_STREAM)
    [Anonymous Symbol]                       0x20000790   Section        0  M8266WIFIDrv_STM32F4xx.o(.bss.M8266WIFI_INTERFACE_SPI_TX_DMA)
    M8266WIFI_INTERFACE_SPI_TX_DMA           0x20000790   Data           4  M8266WIFIDrv_STM32F4xx.o(.bss.M8266WIFI_INTERFACE_SPI_TX_DMA)
    [Anonymous Symbol]                       0x20000794   Section        0  M8266WIFIDrv_STM32F4xx.o(.bss.M8266WIFI_INTERFACE_SPI_TX_DMA_STREAM)
    M8266WIFI_INTERFACE_SPI_TX_DMA_STREAM    0x20000794   Data           4  M8266WIFIDrv_STM32F4xx.o(.bss.M8266WIFI_INTERFACE_SPI_TX_DMA_STREAM)
    [Anonymous Symbol]                       0x20000798   Section        0  M8266WIFIDrv_STM32F4xx.o(.bss.SPI_DATA_TRANSFER_USE_DMA)
    SPI_DATA_TRANSFER_USE_DMA                0x20000798   Data           1  M8266WIFIDrv_STM32F4xx.o(.bss.SPI_DATA_TRANSFER_USE_DMA)
    [Anonymous Symbol]                       0x2000079c   Section        0  M8266WIFIDrv_STM32F4xx.o(.bss.dma_buf)
    dma_buf                                  0x2000079c   Data          68  M8266WIFIDrv_STM32F4xx.o(.bss.dma_buf)
    [Anonymous Symbol]                       0x200007e0   Section        0  M8266WIFIDrv_STM32F4xx.o(.bss.saaddlpct)
    saaddlpct                                0x200007e0   Data           2  M8266WIFIDrv_STM32F4xx.o(.bss.saaddlpct)
    [Anonymous Symbol]                       0x200007e2   Section        0  M8266WIFIDrv_STM32F4xx.o(.bss.spi_write_need_additional_delay)
    spi_write_need_additional_delay          0x200007e2   Data           1  M8266WIFIDrv_STM32F4xx.o(.bss.spi_write_need_additional_delay)
    HEAP                                     0x200007e8   Section      512  startup_stm32f407xx.o(HEAP)
    Heap_Mem                                 0x200007e8   Data         512  startup_stm32f407xx.o(HEAP)
    STACK                                    0x200009e8   Section     1024  startup_stm32f407xx.o(STACK)
    Stack_Mem                                0x200009e8   Data        1024  startup_stm32f407xx.o(STACK)
    __initial_sp                             0x20000de8   Data           0  startup_stm32f407xx.o(STACK)

    Global Symbols

    Symbol Name                              Value     Ov Type        Size  Object(Section)

    BuildAttributes$$THM_ISAv4$E$P$D$K$B$S$7EM$VFPi3$EXTD16$VFPS$VFMA$PE$A:L22UL41UL21$X:L11$S22US41US21$IEEE1$IW$USESV6$~STKCKD$USESV7$~SHL$OTIME$ROPI$IEEEX$EBA8$UX$STANDARDLIB$REQ8$PRES8$EABIv2 0x00000000   Number         0  anon$$obj.o ABSOLUTE
    __ARM_use_no_argv                        0x00000000   Number         0  main.o ABSOLUTE
    __ARM_exceptions_init                     - Undefined Weak Reference
    __alloca_initialize                       - Undefined Weak Reference
    __arm_preinit_                            - Undefined Weak Reference
    __cpp_initialize__aeabi_                  - Undefined Weak Reference
    __cxa_finalize                            - Undefined Weak Reference
    __rt_locale                               - Undefined Weak Reference
    __sigvec_lookup                           - Undefined Weak Reference
    _atexit_init                              - Undefined Weak Reference
    _call_atexit_fns                          - Undefined Weak Reference
    _clock_init                               - Undefined Weak Reference
    _fp_trap_init                             - Undefined Weak Reference
    _fp_trap_shutdown                         - Undefined Weak Reference
    _get_lc_collate                           - Undefined Weak Reference
    _get_lc_ctype                             - Undefined Weak Reference
    _get_lc_monetary                          - Undefined Weak Reference
    _get_lc_numeric                           - Undefined Weak Reference
    _get_lc_time                              - Undefined Weak Reference
    _getenv_init                              - Undefined Weak Reference
    _handle_redirection                       - Undefined Weak Reference
    _init_alloc                               - Undefined Weak Reference
    _init_user_alloc                          - Undefined Weak Reference
    _initio                                   - Undefined Weak Reference
    _rand_init                                - Undefined Weak Reference
    _signal_finish                            - Undefined Weak Reference
    _signal_init                              - Undefined Weak Reference
    _terminate_alloc                          - Undefined Weak Reference
    _terminate_user_alloc                     - Undefined Weak Reference
    _terminateio                              - Undefined Weak Reference
    __Vectors_Size                           0x00000188   Number         0  startup_stm32f407xx.o ABSOLUTE
    __Vectors                                0x08000000   Data           4  startup_stm32f407xx.o(RESET)
    __Vectors_End                            0x08000188   Data           0  startup_stm32f407xx.o(RESET)
    __main                                   0x08000189   Thumb Code     8  __main.o(!!!main)
    __scatterload                            0x08000191   Thumb Code     0  __scatter.o(!!!scatter)
    __scatterload_rt2                        0x08000191   Thumb Code    44  __scatter.o(!!!scatter)
    __scatterload_rt2_thumb_only             0x08000191   Thumb Code     0  __scatter.o(!!!scatter)
    __scatterload_null                       0x0800019f   Thumb Code     0  __scatter.o(!!!scatter)
    __scatterload_copy                       0x080001c5   Thumb Code    26  __scatter_copy.o(!!handler_copy)
    __scatterload_zeroinit                   0x080001e1   Thumb Code    28  __scatter_zi.o(!!handler_zi)
    __rt_lib_init                            0x080001fd   Thumb Code     0  libinit.o(.ARM.Collect$$libinit$$00000000)
    __rt_lib_init_fp_1                       0x080001ff   Thumb Code     0  libinit2.o(.ARM.Collect$$libinit$$00000001)
    __rt_lib_init_alloca_1                   0x08000203   Thumb Code     0  libinit2.o(.ARM.Collect$$libinit$$0000002E)
    __rt_lib_init_argv_1                     0x08000203   Thumb Code     0  libinit2.o(.ARM.Collect$$libinit$$0000002C)
    __rt_lib_init_atexit_1                   0x08000203   Thumb Code     0  libinit2.o(.ARM.Collect$$libinit$$0000001B)
    __rt_lib_init_clock_1                    0x08000203   Thumb Code     0  libinit2.o(.ARM.Collect$$libinit$$00000021)
    __rt_lib_init_cpp_1                      0x08000203   Thumb Code     0  libinit2.o(.ARM.Collect$$libinit$$00000032)
    __rt_lib_init_exceptions_1               0x08000203   Thumb Code     0  libinit2.o(.ARM.Collect$$libinit$$00000030)
    __rt_lib_init_fp_trap_1                  0x08000203   Thumb Code     0  libinit2.o(.ARM.Collect$$libinit$$0000001F)
    __rt_lib_init_getenv_1                   0x08000203   Thumb Code     0  libinit2.o(.ARM.Collect$$libinit$$00000023)
    __rt_lib_init_heap_1                     0x08000203   Thumb Code     0  libinit2.o(.ARM.Collect$$libinit$$0000000A)
    __rt_lib_init_lc_collate_1               0x08000203   Thumb Code     0  libinit2.o(.ARM.Collect$$libinit$$00000011)
    __rt_lib_init_lc_ctype_1                 0x08000203   Thumb Code     0  libinit2.o(.ARM.Collect$$libinit$$00000013)
    __rt_lib_init_lc_monetary_1              0x08000203   Thumb Code     0  libinit2.o(.ARM.Collect$$libinit$$00000015)
    __rt_lib_init_lc_numeric_1               0x08000203   Thumb Code     0  libinit2.o(.ARM.Collect$$libinit$$00000017)
    __rt_lib_init_lc_time_1                  0x08000203   Thumb Code     0  libinit2.o(.ARM.Collect$$libinit$$00000019)
    __rt_lib_init_preinit_1                  0x08000203   Thumb Code     0  libinit2.o(.ARM.Collect$$libinit$$00000004)
    __rt_lib_init_rand_1                     0x08000203   Thumb Code     0  libinit2.o(.ARM.Collect$$libinit$$0000000E)
    __rt_lib_init_return                     0x08000203   Thumb Code     0  libinit2.o(.ARM.Collect$$libinit$$00000033)
    __rt_lib_init_signal_1                   0x08000203   Thumb Code     0  libinit2.o(.ARM.Collect$$libinit$$0000001D)
    __rt_lib_init_stdio_1                    0x08000203   Thumb Code     0  libinit2.o(.ARM.Collect$$libinit$$00000025)
    __rt_lib_init_user_alloc_1               0x08000203   Thumb Code     0  libinit2.o(.ARM.Collect$$libinit$$0000000C)
    __rt_lib_shutdown                        0x08000205   Thumb Code     0  libshutdown.o(.ARM.Collect$$libshutdown$$00000000)
    __rt_lib_shutdown_cpp_1                  0x08000207   Thumb Code     0  libshutdown2.o(.ARM.Collect$$libshutdown$$00000002)
    __rt_lib_shutdown_fp_trap_1              0x08000207   Thumb Code     0  libshutdown2.o(.ARM.Collect$$libshutdown$$00000007)
    __rt_lib_shutdown_heap_1                 0x08000207   Thumb Code     0  libshutdown2.o(.ARM.Collect$$libshutdown$$0000000F)
    __rt_lib_shutdown_return                 0x08000207   Thumb Code     0  libshutdown2.o(.ARM.Collect$$libshutdown$$00000010)
    __rt_lib_shutdown_signal_1               0x08000207   Thumb Code     0  libshutdown2.o(.ARM.Collect$$libshutdown$$0000000A)
    __rt_lib_shutdown_stdio_1                0x08000207   Thumb Code     0  libshutdown2.o(.ARM.Collect$$libshutdown$$00000004)
    __rt_lib_shutdown_user_alloc_1           0x08000207   Thumb Code     0  libshutdown2.o(.ARM.Collect$$libshutdown$$0000000C)
    __rt_entry                               0x08000209   Thumb Code     0  __rtentry.o(.ARM.Collect$$rtentry$$00000000)
    __rt_entry_presh_1                       0x08000209   Thumb Code     0  __rtentry2.o(.ARM.Collect$$rtentry$$00000002)
    __rt_entry_sh                            0x08000209   Thumb Code     0  __rtentry4.o(.ARM.Collect$$rtentry$$00000004)
    __rt_entry_li                            0x0800020f   Thumb Code     0  __rtentry2.o(.ARM.Collect$$rtentry$$0000000A)
    __rt_entry_postsh_1                      0x0800020f   Thumb Code     0  __rtentry2.o(.ARM.Collect$$rtentry$$00000009)
    __rt_entry_main                          0x08000213   Thumb Code     0  __rtentry2.o(.ARM.Collect$$rtentry$$0000000D)
    __rt_entry_postli_1                      0x08000213   Thumb Code     0  __rtentry2.o(.ARM.Collect$$rtentry$$0000000C)
    __rt_exit                                0x0800021b   Thumb Code     0  rtexit.o(.ARM.Collect$$rtexit$$00000000)
    __rt_exit_ls                             0x0800021d   Thumb Code     0  rtexit2.o(.ARM.Collect$$rtexit$$00000003)
    __rt_exit_prels_1                        0x0800021d   Thumb Code     0  rtexit2.o(.ARM.Collect$$rtexit$$00000002)
    __rt_exit_exit                           0x08000221   Thumb Code     0  rtexit2.o(.ARM.Collect$$rtexit$$00000004)
    Reset_Handler                            0x08000229   Thumb Code     8  startup_stm32f407xx.o(.text)
    ADC_IRQHandler                           0x08000243   Thumb Code     0  startup_stm32f407xx.o(.text)
    CAN1_RX0_IRQHandler                      0x08000243   Thumb Code     0  startup_stm32f407xx.o(.text)
    CAN1_RX1_IRQHandler                      0x08000243   Thumb Code     0  startup_stm32f407xx.o(.text)
    CAN1_SCE_IRQHandler                      0x08000243   Thumb Code     0  startup_stm32f407xx.o(.text)
    CAN1_TX_IRQHandler                       0x08000243   Thumb Code     0  startup_stm32f407xx.o(.text)
    CAN2_RX0_IRQHandler                      0x08000243   Thumb Code     0  startup_stm32f407xx.o(.text)
    CAN2_RX1_IRQHandler                      0x08000243   Thumb Code     0  startup_stm32f407xx.o(.text)
    CAN2_SCE_IRQHandler                      0x08000243   Thumb Code     0  startup_stm32f407xx.o(.text)
    CAN2_TX_IRQHandler                       0x08000243   Thumb Code     0  startup_stm32f407xx.o(.text)
    DCMI_IRQHandler                          0x08000243   Thumb Code     0  startup_stm32f407xx.o(.text)
    DMA1_Stream0_IRQHandler                  0x08000243   Thumb Code     0  startup_stm32f407xx.o(.text)
    DMA1_Stream1_IRQHandler                  0x08000243   Thumb Code     0  startup_stm32f407xx.o(.text)
    DMA1_Stream2_IRQHandler                  0x08000243   Thumb Code     0  startup_stm32f407xx.o(.text)
    DMA1_Stream3_IRQHandler                  0x08000243   Thumb Code     0  startup_stm32f407xx.o(.text)
    DMA1_Stream4_IRQHandler                  0x08000243   Thumb Code     0  startup_stm32f407xx.o(.text)
    DMA1_Stream5_IRQHandler                  0x08000243   Thumb Code     0  startup_stm32f407xx.o(.text)
    DMA1_Stream6_IRQHandler                  0x08000243   Thumb Code     0  startup_stm32f407xx.o(.text)
    DMA1_Stream7_IRQHandler                  0x08000243   Thumb Code     0  startup_stm32f407xx.o(.text)
    DMA2_Stream1_IRQHandler                  0x08000243   Thumb Code     0  startup_stm32f407xx.o(.text)
    DMA2_Stream2_IRQHandler                  0x08000243   Thumb Code     0  startup_stm32f407xx.o(.text)
    DMA2_Stream3_IRQHandler                  0x08000243   Thumb Code     0  startup_stm32f407xx.o(.text)
    DMA2_Stream4_IRQHandler                  0x08000243   Thumb Code     0  startup_stm32f407xx.o(.text)
    DMA2_Stream5_IRQHandler                  0x08000243   Thumb Code     0  startup_stm32f407xx.o(.text)
    DMA2_Stream6_IRQHandler                  0x08000243   Thumb Code     0  startup_stm32f407xx.o(.text)
    DMA2_Stream7_IRQHandler                  0x08000243   Thumb Code     0  startup_stm32f407xx.o(.text)
    ETH_IRQHandler                           0x08000243   Thumb Code     0  startup_stm32f407xx.o(.text)
    ETH_WKUP_IRQHandler                      0x08000243   Thumb Code     0  startup_stm32f407xx.o(.text)
    EXTI0_IRQHandler                         0x08000243   Thumb Code     0  startup_stm32f407xx.o(.text)
    EXTI15_10_IRQHandler                     0x08000243   Thumb Code     0  startup_stm32f407xx.o(.text)
    EXTI1_IRQHandler                         0x08000243   Thumb Code     0  startup_stm32f407xx.o(.text)
    EXTI2_IRQHandler                         0x08000243   Thumb Code     0  startup_stm32f407xx.o(.text)
    EXTI3_IRQHandler                         0x08000243   Thumb Code     0  startup_stm32f407xx.o(.text)
    EXTI4_IRQHandler                         0x08000243   Thumb Code     0  startup_stm32f407xx.o(.text)
    EXTI9_5_IRQHandler                       0x08000243   Thumb Code     0  startup_stm32f407xx.o(.text)
    FLASH_IRQHandler                         0x08000243   Thumb Code     0  startup_stm32f407xx.o(.text)
    FMC_IRQHandler                           0x08000243   Thumb Code     0  startup_stm32f407xx.o(.text)
    FPU_IRQHandler                           0x08000243   Thumb Code     0  startup_stm32f407xx.o(.text)
    HASH_RNG_IRQHandler                      0x08000243   Thumb Code     0  startup_stm32f407xx.o(.text)
    I2C1_ER_IRQHandler                       0x08000243   Thumb Code     0  startup_stm32f407xx.o(.text)
    I2C1_EV_IRQHandler                       0x08000243   Thumb Code     0  startup_stm32f407xx.o(.text)
    I2C2_ER_IRQHandler                       0x08000243   Thumb Code     0  startup_stm32f407xx.o(.text)
    I2C2_EV_IRQHandler                       0x08000243   Thumb Code     0  startup_stm32f407xx.o(.text)
    I2C3_ER_IRQHandler                       0x08000243   Thumb Code     0  startup_stm32f407xx.o(.text)
    I2C3_EV_IRQHandler                       0x08000243   Thumb Code     0  startup_stm32f407xx.o(.text)
    OTG_FS_IRQHandler                        0x08000243   Thumb Code     0  startup_stm32f407xx.o(.text)
    OTG_FS_WKUP_IRQHandler                   0x08000243   Thumb Code     0  startup_stm32f407xx.o(.text)
    OTG_HS_EP1_IN_IRQHandler                 0x08000243   Thumb Code     0  startup_stm32f407xx.o(.text)
    OTG_HS_EP1_OUT_IRQHandler                0x08000243   Thumb Code     0  startup_stm32f407xx.o(.text)
    OTG_HS_IRQHandler                        0x08000243   Thumb Code     0  startup_stm32f407xx.o(.text)
    OTG_HS_WKUP_IRQHandler                   0x08000243   Thumb Code     0  startup_stm32f407xx.o(.text)
    PVD_IRQHandler                           0x08000243   Thumb Code     0  startup_stm32f407xx.o(.text)
    RCC_IRQHandler                           0x08000243   Thumb Code     0  startup_stm32f407xx.o(.text)
    RTC_Alarm_IRQHandler                     0x08000243   Thumb Code     0  startup_stm32f407xx.o(.text)
    RTC_WKUP_IRQHandler                      0x08000243   Thumb Code     0  startup_stm32f407xx.o(.text)
    SDIO_IRQHandler                          0x08000243   Thumb Code     0  startup_stm32f407xx.o(.text)
    SPI1_IRQHandler                          0x08000243   Thumb Code     0  startup_stm32f407xx.o(.text)
    SPI2_IRQHandler                          0x08000243   Thumb Code     0  startup_stm32f407xx.o(.text)
    SPI3_IRQHandler                          0x08000243   Thumb Code     0  startup_stm32f407xx.o(.text)
    TAMP_STAMP_IRQHandler                    0x08000243   Thumb Code     0  startup_stm32f407xx.o(.text)
    TIM1_BRK_TIM9_IRQHandler                 0x08000243   Thumb Code     0  startup_stm32f407xx.o(.text)
    TIM1_CC_IRQHandler                       0x08000243   Thumb Code     0  startup_stm32f407xx.o(.text)
    TIM1_TRG_COM_TIM11_IRQHandler            0x08000243   Thumb Code     0  startup_stm32f407xx.o(.text)
    TIM1_UP_TIM10_IRQHandler                 0x08000243   Thumb Code     0  startup_stm32f407xx.o(.text)
    TIM2_IRQHandler                          0x08000243   Thumb Code     0  startup_stm32f407xx.o(.text)
    TIM3_IRQHandler                          0x08000243   Thumb Code     0  startup_stm32f407xx.o(.text)
    TIM4_IRQHandler                          0x08000243   Thumb Code     0  startup_stm32f407xx.o(.text)
    TIM5_IRQHandler                          0x08000243   Thumb Code     0  startup_stm32f407xx.o(.text)
    TIM6_DAC_IRQHandler                      0x08000243   Thumb Code     0  startup_stm32f407xx.o(.text)
    TIM7_IRQHandler                          0x08000243   Thumb Code     0  startup_stm32f407xx.o(.text)
    TIM8_BRK_TIM12_IRQHandler                0x08000243   Thumb Code     0  startup_stm32f407xx.o(.text)
    TIM8_CC_IRQHandler                       0x08000243   Thumb Code     0  startup_stm32f407xx.o(.text)
    TIM8_TRG_COM_TIM14_IRQHandler            0x08000243   Thumb Code     0  startup_stm32f407xx.o(.text)
    TIM8_UP_TIM13_IRQHandler                 0x08000243   Thumb Code     0  startup_stm32f407xx.o(.text)
    UART4_IRQHandler                         0x08000243   Thumb Code     0  startup_stm32f407xx.o(.text)
    UART5_IRQHandler                         0x08000243   Thumb Code     0  startup_stm32f407xx.o(.text)
    USART1_IRQHandler                        0x08000243   Thumb Code     0  startup_stm32f407xx.o(.text)
    USART2_IRQHandler                        0x08000243   Thumb Code     0  startup_stm32f407xx.o(.text)
    USART3_IRQHandler                        0x08000243   Thumb Code     0  startup_stm32f407xx.o(.text)
    USART6_IRQHandler                        0x08000243   Thumb Code     0  startup_stm32f407xx.o(.text)
    WWDG_IRQHandler                          0x08000243   Thumb Code     0  startup_stm32f407xx.o(.text)
    __user_initial_stackheap                 0x08000245   Thumb Code     0  startup_stm32f407xx.o(.text)
    __aeabi_uldivmod                         0x08000269   Thumb Code     0  lludivv7m.o(.text)
    _ll_udiv                                 0x08000269   Thumb Code   238  lludivv7m.o(.text)
    memset                                   0x08000357   Thumb Code    22  memset.o(.text)
    __aeabi_memclr4                          0x0800036d   Thumb Code     0  rt_memclr_w.o(.text)
    __aeabi_memclr8                          0x0800036d   Thumb Code     0  rt_memclr_w.o(.text)
    __rt_memclr_w                            0x0800036d   Thumb Code    78  rt_memclr_w.o(.text)
    _memset_w                                0x08000371   Thumb Code     0  rt_memclr_w.o(.text)
    strcmp                                   0x080003bd   Thumb Code   128  strcmpv7m.o(.text)
    __use_two_region_memory                  0x0800043d   Thumb Code     2  heapauxi.o(.text)
    __rt_heap_escrow$2region                 0x0800043f   Thumb Code     2  heapauxi.o(.text)
    __rt_heap_expand$2region                 0x08000441   Thumb Code     2  heapauxi.o(.text)
    __aeabi_memclr                           0x08000443   Thumb Code     0  rt_memclr.o(.text)
    __rt_memclr                              0x08000443   Thumb Code    68  rt_memclr.o(.text)
    _memset                                  0x08000447   Thumb Code     0  rt_memclr.o(.text)
    __user_setup_stackheap                   0x08000487   Thumb Code    74  sys_stackheap_outer.o(.text)
    exit                                     0x080004d1   Thumb Code    18  exit.o(.text)
    __user_libspace                          0x080004e5   Thumb Code     8  libspace.o(.text)
    __user_perproc_libspace                  0x080004e5   Thumb Code     0  libspace.o(.text)
    __user_perthread_libspace                0x080004e5   Thumb Code     0  libspace.o(.text)
    _sys_exit                                0x080004ed   Thumb Code     8  sys_exit.o(.text)
    __I$use$semihosting                      0x080004f9   Thumb Code     0  use_no_semi.o(.text)
    __use_no_semihosting_swi                 0x080004f9   Thumb Code     2  use_no_semi.o(.text)
    __semihosting_library_function           0x080004fb   Thumb Code     0  indicate_semi.o(.text)
    M8266HostIf_SPI_DMA_StartReceiveSendData 0x080004fd   Thumb Code   132  M8266WIFIDrv_STM32F4xx.o(.text.M8266HostIf_SPI_DMA_StartReceiveSendData)
    M8266HostIf_SPI_Select                   0x08000581   Thumb Code   244  M8266WIFIDrv_STM32F4xx.o(.text.M8266HostIf_SPI_Select)
    M8266HostIf_SPI_rrs                      0x08000675   Thumb Code    68  M8266WIFIDrv_STM32F4xx.o(.text.M8266HostIf_SPI_rrs)
    M8266HostIf_SPI_wrs                      0x080006b9   Thumb Code   112  M8266WIFIDrv_STM32F4xx.o(.text.M8266HostIf_SPI_wrs)
    M8266WIFI_SPI_Config_STA_Param           0x08000729   Thumb Code    26  M8266WIFIDrv_STM32F4xx.o(.text.M8266WIFI_SPI_Config_STA_Param)
    M8266WIFI_SPI_Config_STA_StaticIpAddr    0x08000743   Thumb Code   140  M8266WIFIDrv_STM32F4xx.o(.text.M8266WIFI_SPI_Config_STA_StaticIpAddr)
    M8266WIFI_SPI_Delete_Connection          0x080007cf   Thumb Code    24  M8266WIFIDrv_STM32F4xx.o(.text.M8266WIFI_SPI_Delete_Connection)
    M8266WIFI_SPI_Get_Module_Info            0x080007e7   Thumb Code   174  M8266WIFIDrv_STM32F4xx.o(.text.M8266WIFI_SPI_Get_Module_Info)
    M8266WIFI_SPI_Get_Opmode                 0x08000895   Thumb Code   112  M8266WIFIDrv_STM32F4xx.o(.text.M8266WIFI_SPI_Get_Opmode)
    M8266WIFI_SPI_Get_STA_Connection_Status  0x08000905   Thumb Code   122  M8266WIFIDrv_STM32F4xx.o(.text.M8266WIFI_SPI_Get_STA_Connection_Status)
    M8266WIFI_SPI_Get_STA_IP_Addr            0x0800097f   Thumb Code   146  M8266WIFIDrv_STM32F4xx.o(.text.M8266WIFI_SPI_Get_STA_IP_Addr)
    M8266WIFI_SPI_Interface_Communication_OK 0x08000a11   Thumb Code    84  M8266WIFIDrv_STM32F4xx.o(.text.M8266WIFI_SPI_Interface_Communication_OK)
    M8266WIFI_SPI_Interface_Communication_Stress_Test 0x08000a65   Thumb Code   114  M8266WIFIDrv_STM32F4xx.o(.text.M8266WIFI_SPI_Interface_Communication_Stress_Test)
    M8266WIFI_SPI_Query_Connection           0x08000ad7   Thumb Code   244  M8266WIFIDrv_STM32F4xx.o(.text.M8266WIFI_SPI_Query_Connection)
    M8266WIFI_SPI_STA_Connect_Ap             0x08000bcd   Thumb Code   616  M8266WIFIDrv_STM32F4xx.o(.text.M8266WIFI_SPI_STA_Connect_Ap)
    M8266WIFI_SPI_STA_Connect_Ap_Old         0x08000e35   Thumb Code   496  M8266WIFIDrv_STM32F4xx.o(.text.M8266WIFI_SPI_STA_Connect_Ap_Old)
    M8266WIFI_SPI_STA_DisConnect_Ap          0x08001025   Thumb Code   132  M8266WIFIDrv_STM32F4xx.o(.text.M8266WIFI_SPI_STA_DisConnect_Ap)
    M8266WIFI_SPI_STA_Get_HostIP_by_HostName 0x080010a9   Thumb Code   348  M8266WIFIDrv_STM32F4xx.o(.text.M8266WIFI_SPI_STA_Get_HostIP_by_HostName)
    M8266WIFI_SPI_STA_Query_Current_SSID_And_RSSI 0x08001205   Thumb Code   172  M8266WIFIDrv_STM32F4xx.o(.text.M8266WIFI_SPI_STA_Query_Current_SSID_And_RSSI)
    M8266WIFI_SPI_Send_Data                  0x080012b1   Thumb Code    22  M8266WIFIDrv_STM32F4xx.o(.text.M8266WIFI_SPI_Send_Data)
    M8266WIFI_SPI_Set_Opmode                 0x080012c7   Thumb Code   156  M8266WIFIDrv_STM32F4xx.o(.text.M8266WIFI_SPI_Set_Opmode)
    M8266WIFI_SPI_Setup_Connection           0x08001365   Thumb Code   612  M8266WIFIDrv_STM32F4xx.o(.text.M8266WIFI_SPI_Setup_Connection)
    M8266WIFI_SPI_Slave_Has_Response         0x080015c9   Thumb Code    28  M8266WIFIDrv_STM32F4xx.o(.text.M8266WIFI_SPI_Slave_Has_Response)
    M8266WIFI_SPI_TxdBuffer_Free             0x080015e5   Thumb Code    28  M8266WIFIDrv_STM32F4xx.o(.text.M8266WIFI_SPI_TxdBuffer_Free)
    M8266WIFI_SPI_capstp                     0x08001601   Thumb Code   284  M8266WIFIDrv_STM32F4xx.o(.text.M8266WIFI_SPI_capstp)
    M8266WIFI_SPI_csb                        0x0800171d   Thumb Code    86  M8266WIFIDrv_STM32F4xx.o(.text.M8266WIFI_SPI_csb)
    M8266WIFI_SPI_dlodc                      0x08001773   Thumb Code   406  M8266WIFIDrv_STM32F4xx.o(.text.M8266WIFI_SPI_dlodc)
    M8266WIFI_SPI_qacal                      0x08001909   Thumb Code   268  M8266WIFIDrv_STM32F4xx.o(.text.M8266WIFI_SPI_qacal)
    M8266WIFI_SPI_rra                        0x08001a15   Thumb Code    30  M8266WIFIDrv_STM32F4xx.o(.text.M8266WIFI_SPI_rra)
    M8266WIFI_SPI_rru                        0x08001a33   Thumb Code    62  M8266WIFIDrv_STM32F4xx.o(.text.M8266WIFI_SPI_rru)
    M8266WIFI_SPI_sdfal                      0x08001a71   Thumb Code   708  M8266WIFIDrv_STM32F4xx.o(.text.M8266WIFI_SPI_sdfal)
    M8266WIFI_SPI_sptdt                      0x08001d35   Thumb Code   276  M8266WIFIDrv_STM32F4xx.o(.text.M8266WIFI_SPI_sptdt)
    M8266WIFI_SPI_srh                        0x08001e49   Thumb Code   388  M8266WIFIDrv_STM32F4xx.o(.text.M8266WIFI_SPI_srh)
    M8266WIFI_SPI_ssa                        0x08001fcd   Thumb Code    32  M8266WIFIDrv_STM32F4xx.o(.text.M8266WIFI_SPI_ssa)
    M8266WIFI_SPI_ssb                        0x08001fed   Thumb Code   130  M8266WIFIDrv_STM32F4xx.o(.text.M8266WIFI_SPI_ssb)
    M8266WIFI_SPI_ssmd                       0x08002071   Thumb Code   204  M8266WIFIDrv_STM32F4xx.o(.text.M8266WIFI_SPI_ssmd)
    M8266WIFI_SPI_sstso                      0x0800213d   Thumb Code   456  M8266WIFIDrv_STM32F4xx.o(.text.M8266WIFI_SPI_sstso)
    M8266WIFI_SPI_ssu                        0x08002305   Thumb Code   104  M8266WIFIDrv_STM32F4xx.o(.text.M8266WIFI_SPI_ssu)
    M8266WIFI_SPI_ssud                       0x0800236d   Thumb Code    68  M8266WIFIDrv_STM32F4xx.o(.text.M8266WIFI_SPI_ssud)
    M8266WIFI_SPI_ssut                       0x080023b1   Thumb Code   104  M8266WIFIDrv_STM32F4xx.o(.text.M8266WIFI_SPI_ssut)
    M8266WIFI_SPI_tufs                       0x08002419   Thumb Code    28  M8266WIFIDrv_STM32F4xx.o(.text.M8266WIFI_SPI_tufs)
    M8266WIFI_SPI_wsbsbs1                    0x08002435   Thumb Code    58  M8266WIFIDrv_STM32F4xx.o(.text.M8266WIFI_SPI_wsbsbs1)
    M8266WIFI_SPI_wscbf                      0x0800246f   Thumb Code    62  M8266WIFIDrv_STM32F4xx.o(.text.M8266WIFI_SPI_wscbf)
    M8266WIFI_SPI_wscr                       0x080024ad   Thumb Code    80  M8266WIFIDrv_STM32F4xx.o(.text.M8266WIFI_SPI_wscr)
    M8266WIFI_SPI_wspss                      0x080024fd   Thumb Code    76  M8266WIFIDrv_STM32F4xx.o(.text.M8266WIFI_SPI_wspss)
    M8266WIFI_Wait_SPI_sfad                  0x08002549   Thumb Code    60  M8266WIFIDrv_STM32F4xx.o(.text.M8266WIFI_Wait_SPI_sfad)
    fvcp                                     0x08002585   Thumb Code    90  M8266WIFIDrv_STM32F4xx.o(.text.fvcp)
    fvdnstap                                 0x080025e1   Thumb Code    52  M8266WIFIDrv_STM32F4xx.o(.text.fvdnstap)
    BusFault_Handler                         0x080027cd   Thumb Code     2  stm32f4xx_it.o(i.BusFault_Handler)
    DMA2_Stream0_IRQHandler                  0x080027d1   Thumb Code     6  stm32f4xx_it.o(i.DMA2_Stream0_IRQHandler)
    DebugMon_Handler                         0x08002881   Thumb Code     2  stm32f4xx_it.o(i.DebugMon_Handler)
    Error_Handler                            0x08002883   Thumb Code     4  main.o(i.Error_Handler)
    HAL_ADC_ConfigChannel                    0x08002889   Thumb Code   316  stm32f4xx_hal_adc.o(i.HAL_ADC_ConfigChannel)
    HAL_ADC_ConvCpltCallback                 0x080029d5   Thumb Code    70  main.o(i.HAL_ADC_ConvCpltCallback)
    HAL_ADC_ConvHalfCpltCallback             0x08002a2d   Thumb Code     2  stm32f4xx_hal_adc.o(i.HAL_ADC_ConvHalfCpltCallback)
    HAL_ADC_ErrorCallback                    0x08002a2f   Thumb Code     2  stm32f4xx_hal_adc.o(i.HAL_ADC_ErrorCallback)
    HAL_ADC_Init                             0x08002a31   Thumb Code    84  stm32f4xx_hal_adc.o(i.HAL_ADC_Init)
    HAL_ADC_MspInit                          0x08002a85   Thumb Code   130  adc.o(i.HAL_ADC_MspInit)
    HAL_ADC_Start_DMA                        0x08002b1d   Thumb Code   302  stm32f4xx_hal_adc.o(i.HAL_ADC_Start_DMA)
    HAL_DMA_IRQHandler                       0x08002c71   Thumb Code   412  stm32f4xx_hal_dma.o(i.HAL_DMA_IRQHandler)
    HAL_DMA_Init                             0x08002e11   Thumb Code   206  stm32f4xx_hal_dma.o(i.HAL_DMA_Init)
    HAL_DMA_Start_IT                         0x08002ee5   Thumb Code   110  stm32f4xx_hal_dma.o(i.HAL_DMA_Start_IT)
    HAL_GPIO_Init                            0x08002f55   Thumb Code   450  stm32f4xx_hal_gpio.o(i.HAL_GPIO_Init)
    HAL_GPIO_WritePin                        0x08003145   Thumb Code    10  stm32f4xx_hal_gpio.o(i.HAL_GPIO_WritePin)
    HAL_GetTick                              0x08003151   Thumb Code     6  stm32f4xx_hal.o(i.HAL_GetTick)
    HAL_IncTick                              0x0800315d   Thumb Code    12  stm32f4xx_hal.o(i.HAL_IncTick)
    HAL_Init                                 0x0800316d   Thumb Code    48  stm32f4xx_hal.o(i.HAL_Init)
    HAL_InitTick                             0x080031a1   Thumb Code    54  stm32f4xx_hal.o(i.HAL_InitTick)
    HAL_MspInit                              0x080031e1   Thumb Code    42  stm32f4xx_hal_msp.o(i.HAL_MspInit)
    HAL_NVIC_EnableIRQ                       0x08003211   Thumb Code    26  stm32f4xx_hal_cortex.o(i.HAL_NVIC_EnableIRQ)
    HAL_NVIC_SetPriority                     0x0800322d   Thumb Code    60  stm32f4xx_hal_cortex.o(i.HAL_NVIC_SetPriority)
    HAL_NVIC_SetPriorityGrouping             0x0800326d   Thumb Code    26  stm32f4xx_hal_cortex.o(i.HAL_NVIC_SetPriorityGrouping)
    HAL_RCC_ClockConfig                      0x08003291   Thumb Code   288  stm32f4xx_hal_rcc.o(i.HAL_RCC_ClockConfig)
    HAL_RCC_GetHCLKFreq                      0x080033c5   Thumb Code     6  stm32f4xx_hal_rcc.o(i.HAL_RCC_GetHCLKFreq)
    HAL_RCC_GetSysClockFreq                  0x080033d1   Thumb Code    88  stm32f4xx_hal_rcc.o(i.HAL_RCC_GetSysClockFreq)
    HAL_RCC_OscConfig                        0x08003431   Thumb Code   856  stm32f4xx_hal_rcc.o(i.HAL_RCC_OscConfig)
    HAL_SPI_Init                             0x0800379d   Thumb Code   188  stm32f4xx_hal_spi.o(i.HAL_SPI_Init)
    HAL_SPI_MspInit                          0x08003859   Thumb Code    92  spi.o(i.HAL_SPI_MspInit)
    HAL_SYSTICK_Config                       0x080038c1   Thumb Code    40  stm32f4xx_hal_cortex.o(i.HAL_SYSTICK_Config)
    HardFault_Handler                        0x080038e9   Thumb Code     2  stm32f4xx_it.o(i.HardFault_Handler)
    M8266HostIf_GPIO_CS_RESET_Init           0x080038ed   Thumb Code   104  m8266hostif_stm32xx.o(i.M8266HostIf_GPIO_CS_RESET_Init)
    M8266HostIf_Init                         0x0800395d   Thumb Code    14  m8266hostif_stm32xx.o(i.M8266HostIf_Init)
    M8266HostIf_SPI_Init                     0x0800396d   Thumb Code   136  m8266hostif_stm32xx.o(i.M8266HostIf_SPI_Init)
    M8266HostIf_SPI_SetSpeed                 0x08003a05   Thumb Code    46  m8266hostif_stm32xx.o(i.M8266HostIf_SPI_SetSpeed)
    M8266HostIf_Set_SPI_nCS_Pin              0x08003a39   Thumb Code    16  m8266hostif_stm32xx.o(i.M8266HostIf_Set_SPI_nCS_Pin)
    M8266HostIf_Set_nRESET_Pin               0x08003a4d   Thumb Code    16  m8266hostif_stm32xx.o(i.M8266HostIf_Set_nRESET_Pin)
    M8266HostIf_delay_us                     0x08003a61   Thumb Code     4  m8266hostif_stm32xx.o(i.M8266HostIf_delay_us)
    M8266WIFI_Module_Hardware_Reset          0x08003a65   Thumb Code    58  m8266wifi_ops.o(i.M8266WIFI_Module_Hardware_Reset)
    M8266WIFI_Module_Init_Via_SPI            0x08003aa1   Thumb Code   200  m8266wifi_ops.o(i.M8266WIFI_Module_Init_Via_SPI)
    M8266WIFI_Module_delay_ms                0x08003b8d   Thumb Code    34  m8266wifi_ops.o(i.M8266WIFI_Module_delay_ms)
    M8266WIFI_SPI_wait_sta_connecting_to_ap_and_get_ip 0x08003bb1   Thumb Code    68  m8266wifi_ops.o(i.M8266WIFI_SPI_wait_sta_connecting_to_ap_and_get_ip)
    MX_ADC3_Init                             0x08003bfd   Thumb Code    90  adc.o(i.MX_ADC3_Init)
    MX_DMA_Init                              0x08003c65   Thumb Code    40  dma.o(i.MX_DMA_Init)
    MX_GPIO_Init                             0x08003c91   Thumb Code   222  gpio.o(i.MX_GPIO_Init)
    MX_SPI1_Init                             0x08003d85   Thumb Code    60  spi.o(i.MX_SPI1_Init)
    MemManage_Handler                        0x08003dc9   Thumb Code     2  stm32f4xx_it.o(i.MemManage_Handler)
    NMI_Handler                              0x08003dcb   Thumb Code     2  stm32f4xx_it.o(i.NMI_Handler)
    PendSV_Handler                           0x08003dcd   Thumb Code     2  stm32f4xx_it.o(i.PendSV_Handler)
    SVC_Handler                              0x08003dcf   Thumb Code     2  stm32f4xx_it.o(i.SVC_Handler)
    SysTick_Handler                          0x08003dd1   Thumb Code     4  stm32f4xx_it.o(i.SysTick_Handler)
    SystemClock_Config                       0x08003dd5   Thumb Code   138  main.o(i.SystemClock_Config)
    SystemInit                               0x08003e69   Thumb Code    12  system_stm32f4xx.o(i.SystemInit)
    UsageFault_Handler                       0x08003e79   Thumb Code     2  stm32f4xx_it.o(i.UsageFault_Handler)
    delay_Init                               0x08003e9d   Thumb Code    18  delay.o(i.delay_Init)
    delay_us                                 0x08003eb9   Thumb Code    48  delay.o(i.delay_us)
    main                                     0x08003eed   Thumb Code   104  main.o(i.main)
    wifi_init                                0x08003f61   Thumb Code    96  main.o(i.wifi_init)
    wifi_spi_err                             0x08003ff1   Thumb Code    40  errcode.o(i.wifi_spi_err)
    wifi_workmode_err                        0x0800401d   Thumb Code    38  errcode.o(i.wifi_workmode_err)
    _fp_init                                 0x08004049   Thumb Code    10  fpinit.o(x$fpl$fpinit)
    __fplib_config_fpu_vfp                   0x08004051   Thumb Code     0  fpinit.o(x$fpl$fpinit)
    __fplib_config_pureend_doubles           0x08004051   Thumb Code     0  fpinit.o(x$fpl$fpinit)
    AHBPrescTable                            0x08004072   Data          16  system_stm32f4xx.o(.constdata)
    cpu_name                                 0x080040d8   Data          16  M8266WIFIDrv_STM32F4xx.o(.rodata.cpu_name)
    Region$$Table$$Base                      0x080040f0   Number         0  anon$$obj.o(Region$$Table)
    Region$$Table$$Limit                     0x08004110   Number         0  anon$$obj.o(Region$$Table)
    cur                                      0x20000004   Data           1  main.o(.data)
    uwTickFreq                               0x20000008   Data           1  stm32f4xx_hal.o(.data)
    uwTickPrio                               0x2000000c   Data           4  stm32f4xx_hal.o(.data)
    uwTick                                   0x20000010   Data           4  stm32f4xx_hal.o(.data)
    SystemCoreClock                          0x20000014   Data           4  system_stm32f4xx.o(.data)
    buffer                                   0x2000002c   Data        1440  main.o(.bss)
    hadc3                                    0x200005cc   Data          72  adc.o(.bss)
    hdma_adc3                                0x20000614   Data          96  adc.o(.bss)
    hspi1                                    0x20000674   Data          88  spi.o(.bss)
    hspi                                     0x200006cc   Data          88  m8266hostif_stm32xx.o(.bss)
    __libspace_start                         0x20000724   Data          96  libspace.o(.bss)
    __temporary_stack_top$libspace           0x20000784   Data           0  libspace.o(.bss)



==============================================================================

Memory Map of the image

  Image Entry point : 0x08000189

  Load Region LR_IROM1 (Base: 0x08000000, Size: 0x0000413c, Max: 0x00100000, ABSOLUTE)

    Execution Region ER_IROM1 (Base: 0x08000000, Size: 0x00004110, Max: 0x00100000, ABSOLUTE)

    Base Addr    Size         Type   Attr      Idx    E Section Name        Object

    0x08000000   0x00000188   Data   RO            3    RESET               startup_stm32f407xx.o
    0x08000188   0x00000008   Code   RO         2736  * !!!main             c_w.l(__main.o)
    0x08000190   0x00000034   Code   RO         2905    !!!scatter          c_w.l(__scatter.o)
    0x080001c4   0x0000001a   Code   RO         2907    !!handler_copy      c_w.l(__scatter_copy.o)
    0x080001de   0x00000002   PAD
    0x080001e0   0x0000001c   Code   RO         2909    !!handler_zi        c_w.l(__scatter_zi.o)
    0x080001fc   0x00000002   Code   RO         2775    .ARM.Collect$$libinit$$00000000  c_w.l(libinit.o)
    0x080001fe   0x00000004   Code   RO         2787    .ARM.Collect$$libinit$$00000001  c_w.l(libinit2.o)
    0x08000202   0x00000000   Code   RO         2790    .ARM.Collect$$libinit$$00000004  c_w.l(libinit2.o)
    0x08000202   0x00000000   Code   RO         2793    .ARM.Collect$$libinit$$0000000A  c_w.l(libinit2.o)
    0x08000202   0x00000000   Code   RO         2795    .ARM.Collect$$libinit$$0000000C  c_w.l(libinit2.o)
    0x08000202   0x00000000   Code   RO         2797    .ARM.Collect$$libinit$$0000000E  c_w.l(libinit2.o)
    0x08000202   0x00000000   Code   RO         2800    .ARM.Collect$$libinit$$00000011  c_w.l(libinit2.o)
    0x08000202   0x00000000   Code   RO         2802    .ARM.Collect$$libinit$$00000013  c_w.l(libinit2.o)
    0x08000202   0x00000000   Code   RO         2804    .ARM.Collect$$libinit$$00000015  c_w.l(libinit2.o)
    0x08000202   0x00000000   Code   RO         2806    .ARM.Collect$$libinit$$00000017  c_w.l(libinit2.o)
    0x08000202   0x00000000   Code   RO         2808    .ARM.Collect$$libinit$$00000019  c_w.l(libinit2.o)
    0x08000202   0x00000000   Code   RO         2810    .ARM.Collect$$libinit$$0000001B  c_w.l(libinit2.o)
    0x08000202   0x00000000   Code   RO         2812    .ARM.Collect$$libinit$$0000001D  c_w.l(libinit2.o)
    0x08000202   0x00000000   Code   RO         2814    .ARM.Collect$$libinit$$0000001F  c_w.l(libinit2.o)
    0x08000202   0x00000000   Code   RO         2816    .ARM.Collect$$libinit$$00000021  c_w.l(libinit2.o)
    0x08000202   0x00000000   Code   RO         2818    .ARM.Collect$$libinit$$00000023  c_w.l(libinit2.o)
    0x08000202   0x00000000   Code   RO         2820    .ARM.Collect$$libinit$$00000025  c_w.l(libinit2.o)
    0x08000202   0x00000000   Code   RO         2824    .ARM.Collect$$libinit$$0000002C  c_w.l(libinit2.o)
    0x08000202   0x00000000   Code   RO         2826    .ARM.Collect$$libinit$$0000002E  c_w.l(libinit2.o)
    0x08000202   0x00000000   Code   RO         2828    .ARM.Collect$$libinit$$00000030  c_w.l(libinit2.o)
    0x08000202   0x00000000   Code   RO         2830    .ARM.Collect$$libinit$$00000032  c_w.l(libinit2.o)
    0x08000202   0x00000002   Code   RO         2831    .ARM.Collect$$libinit$$00000033  c_w.l(libinit2.o)
    0x08000204   0x00000002   Code   RO         2862    .ARM.Collect$$libshutdown$$00000000  c_w.l(libshutdown.o)
    0x08000206   0x00000000   Code   RO         2888    .ARM.Collect$$libshutdown$$00000002  c_w.l(libshutdown2.o)
    0x08000206   0x00000000   Code   RO         2890    .ARM.Collect$$libshutdown$$00000004  c_w.l(libshutdown2.o)
    0x08000206   0x00000000   Code   RO         2893    .ARM.Collect$$libshutdown$$00000007  c_w.l(libshutdown2.o)
    0x08000206   0x00000000   Code   RO         2896    .ARM.Collect$$libshutdown$$0000000A  c_w.l(libshutdown2.o)
    0x08000206   0x00000000   Code   RO         2898    .ARM.Collect$$libshutdown$$0000000C  c_w.l(libshutdown2.o)
    0x08000206   0x00000000   Code   RO         2901    .ARM.Collect$$libshutdown$$0000000F  c_w.l(libshutdown2.o)
    0x08000206   0x00000002   Code   RO         2902    .ARM.Collect$$libshutdown$$00000010  c_w.l(libshutdown2.o)
    0x08000208   0x00000000   Code   RO         2738    .ARM.Collect$$rtentry$$00000000  c_w.l(__rtentry.o)
    0x08000208   0x00000000   Code   RO         2746    .ARM.Collect$$rtentry$$00000002  c_w.l(__rtentry2.o)
    0x08000208   0x00000006   Code   RO         2758    .ARM.Collect$$rtentry$$00000004  c_w.l(__rtentry4.o)
    0x0800020e   0x00000000   Code   RO         2748    .ARM.Collect$$rtentry$$00000009  c_w.l(__rtentry2.o)
    0x0800020e   0x00000004   Code   RO         2749    .ARM.Collect$$rtentry$$0000000A  c_w.l(__rtentry2.o)
    0x08000212   0x00000000   Code   RO         2751    .ARM.Collect$$rtentry$$0000000C  c_w.l(__rtentry2.o)
    0x08000212   0x00000008   Code   RO         2752    .ARM.Collect$$rtentry$$0000000D  c_w.l(__rtentry2.o)
    0x0800021a   0x00000002   Code   RO         2779    .ARM.Collect$$rtexit$$00000000  c_w.l(rtexit.o)
    0x0800021c   0x00000000   Code   RO         2835    .ARM.Collect$$rtexit$$00000002  c_w.l(rtexit2.o)
    0x0800021c   0x00000004   Code   RO         2836    .ARM.Collect$$rtexit$$00000003  c_w.l(rtexit2.o)
    0x08000220   0x00000006   Code   RO         2837    .ARM.Collect$$rtexit$$00000004  c_w.l(rtexit2.o)
    0x08000226   0x00000002   PAD
    0x08000228   0x00000040   Code   RO            4    .text               startup_stm32f407xx.o
    0x08000268   0x000000ee   Code   RO         2726    .text               c_w.l(lludivv7m.o)
    0x08000356   0x00000016   Code   RO         2728    .text               c_w.l(memset.o)
    0x0800036c   0x0000004e   Code   RO         2730    .text               c_w.l(rt_memclr_w.o)
    0x080003ba   0x00000002   PAD
    0x080003bc   0x00000080   Code   RO         2732    .text               c_w.l(strcmpv7m.o)
    0x0800043c   0x00000006   Code   RO         2734    .text               c_w.l(heapauxi.o)
    0x08000442   0x00000044   Code   RO         2743    .text               c_w.l(rt_memclr.o)
    0x08000486   0x0000004a   Code   RO         2762    .text               c_w.l(sys_stackheap_outer.o)
    0x080004d0   0x00000012   Code   RO         2764    .text               c_w.l(exit.o)
    0x080004e2   0x00000002   PAD
    0x080004e4   0x00000008   Code   RO         2776    .text               c_w.l(libspace.o)
    0x080004ec   0x0000000c   Code   RO         2832    .text               c_w.l(sys_exit.o)
    0x080004f8   0x00000002   Code   RO         2851    .text               c_w.l(use_no_semi.o)
    0x080004fa   0x00000000   Code   RO         2853    .text               c_w.l(indicate_semi.o)
    0x080004fa   0x00000002   PAD
    0x080004fc   0x00000084   Code   RO         2555    .text.M8266HostIf_SPI_DMA_StartReceiveSendData  M8266WIFIDrv_STM32F4xx.a(M8266WIFIDrv_STM32F4xx.o)
    0x08000580   0x000000f4   Code   RO         2686    .text.M8266HostIf_SPI_Select  M8266WIFIDrv_STM32F4xx.a(M8266WIFIDrv_STM32F4xx.o)
    0x08000674   0x00000044   Code   RO         2556    .text.M8266HostIf_SPI_rrs  M8266WIFIDrv_STM32F4xx.a(M8266WIFIDrv_STM32F4xx.o)
    0x080006b8   0x00000070   Code   RO         2557    .text.M8266HostIf_SPI_wrs  M8266WIFIDrv_STM32F4xx.a(M8266WIFIDrv_STM32F4xx.o)
    0x08000728   0x0000001a   Code   RO         2602    .text.M8266WIFI_SPI_Config_STA_Param  M8266WIFIDrv_STM32F4xx.a(M8266WIFIDrv_STM32F4xx.o)
    0x08000742   0x0000008c   Code   RO         2603    .text.M8266WIFI_SPI_Config_STA_StaticIpAddr  M8266WIFIDrv_STM32F4xx.a(M8266WIFIDrv_STM32F4xx.o)
    0x080007ce   0x00000018   Code   RO         2634    .text.M8266WIFI_SPI_Delete_Connection  M8266WIFIDrv_STM32F4xx.a(M8266WIFIDrv_STM32F4xx.o)
    0x080007e6   0x000000ae   Code   RO         2685    .text.M8266WIFI_SPI_Get_Module_Info  M8266WIFIDrv_STM32F4xx.a(M8266WIFIDrv_STM32F4xx.o)
    0x08000894   0x00000070   Code   RO         2596    .text.M8266WIFI_SPI_Get_Opmode  M8266WIFIDrv_STM32F4xx.a(M8266WIFIDrv_STM32F4xx.o)
    0x08000904   0x0000007a   Code   RO         2598    .text.M8266WIFI_SPI_Get_STA_Connection_Status  M8266WIFIDrv_STM32F4xx.a(M8266WIFIDrv_STM32F4xx.o)
    0x0800097e   0x00000092   Code   RO         2617    .text.M8266WIFI_SPI_Get_STA_IP_Addr  M8266WIFIDrv_STM32F4xx.a(M8266WIFIDrv_STM32F4xx.o)
    0x08000a10   0x00000054   Code   RO         2562    .text.M8266WIFI_SPI_Interface_Communication_OK  M8266WIFIDrv_STM32F4xx.a(M8266WIFIDrv_STM32F4xx.o)
    0x08000a64   0x00000072   Code   RO         2563    .text.M8266WIFI_SPI_Interface_Communication_Stress_Test  M8266WIFIDrv_STM32F4xx.a(M8266WIFIDrv_STM32F4xx.o)
    0x08000ad6   0x000000f4   Code   RO         2632    .text.M8266WIFI_SPI_Query_Connection  M8266WIFIDrv_STM32F4xx.a(M8266WIFIDrv_STM32F4xx.o)
    0x08000bca   0x00000002   PAD
    0x08000bcc   0x00000268   Code   RO         2607    .text.M8266WIFI_SPI_STA_Connect_Ap  M8266WIFIDrv_STM32F4xx.a(M8266WIFIDrv_STM32F4xx.o)
    0x08000e34   0x000001f0   Code   RO         2605    .text.M8266WIFI_SPI_STA_Connect_Ap_Old  M8266WIFIDrv_STM32F4xx.a(M8266WIFIDrv_STM32F4xx.o)
    0x08001024   0x00000084   Code   RO         2606    .text.M8266WIFI_SPI_STA_DisConnect_Ap  M8266WIFIDrv_STM32F4xx.a(M8266WIFIDrv_STM32F4xx.o)
    0x080010a8   0x0000015c   Code   RO         2621    .text.M8266WIFI_SPI_STA_Get_HostIP_by_HostName  M8266WIFIDrv_STM32F4xx.a(M8266WIFIDrv_STM32F4xx.o)
    0x08001204   0x000000ac   Code   RO         2618    .text.M8266WIFI_SPI_STA_Query_Current_SSID_And_RSSI  M8266WIFIDrv_STM32F4xx.a(M8266WIFIDrv_STM32F4xx.o)
    0x080012b0   0x00000016   Code   RO         2623    .text.M8266WIFI_SPI_Send_Data  M8266WIFIDrv_STM32F4xx.a(M8266WIFIDrv_STM32F4xx.o)
    0x080012c6   0x0000009c   Code   RO         2597    .text.M8266WIFI_SPI_Set_Opmode  M8266WIFIDrv_STM32F4xx.a(M8266WIFIDrv_STM32F4xx.o)
    0x08001362   0x00000002   PAD
    0x08001364   0x00000264   Code   RO         2637    .text.M8266WIFI_SPI_Setup_Connection  M8266WIFIDrv_STM32F4xx.a(M8266WIFIDrv_STM32F4xx.o)
    0x080015c8   0x0000001c   Code   RO         2575    .text.M8266WIFI_SPI_Slave_Has_Response  M8266WIFIDrv_STM32F4xx.a(M8266WIFIDrv_STM32F4xx.o)
    0x080015e4   0x0000001c   Code   RO         2572    .text.M8266WIFI_SPI_TxdBuffer_Free  M8266WIFIDrv_STM32F4xx.a(M8266WIFIDrv_STM32F4xx.o)
    0x08001600   0x0000011c   Code   RO         2601    .text.M8266WIFI_SPI_capstp  M8266WIFIDrv_STM32F4xx.a(M8266WIFIDrv_STM32F4xx.o)
    0x0800171c   0x00000056   Code   RO         2567    .text.M8266WIFI_SPI_csb  M8266WIFIDrv_STM32F4xx.a(M8266WIFIDrv_STM32F4xx.o)
    0x08001772   0x00000196   Code   RO         2633    .text.M8266WIFI_SPI_dlodc  M8266WIFIDrv_STM32F4xx.a(M8266WIFIDrv_STM32F4xx.o)
    0x08001908   0x0000010c   Code   RO         2631    .text.M8266WIFI_SPI_qacal  M8266WIFIDrv_STM32F4xx.a(M8266WIFIDrv_STM32F4xx.o)
    0x08001a14   0x0000001e   Code   RO         2559    .text.M8266WIFI_SPI_rra  M8266WIFIDrv_STM32F4xx.a(M8266WIFIDrv_STM32F4xx.o)
    0x08001a32   0x0000003e   Code   RO         2586    .text.M8266WIFI_SPI_rru  M8266WIFIDrv_STM32F4xx.a(M8266WIFIDrv_STM32F4xx.o)
    0x08001a70   0x000002c4   Code   RO         2622    .text.M8266WIFI_SPI_sdfal  M8266WIFIDrv_STM32F4xx.a(M8266WIFIDrv_STM32F4xx.o)
    0x08001d34   0x00000114   Code   RO         2620    .text.M8266WIFI_SPI_sptdt  M8266WIFIDrv_STM32F4xx.a(M8266WIFIDrv_STM32F4xx.o)
    0x08001e48   0x00000184   Code   RO         2591    .text.M8266WIFI_SPI_srh  M8266WIFIDrv_STM32F4xx.a(M8266WIFIDrv_STM32F4xx.o)
    0x08001fcc   0x00000020   Code   RO         2558    .text.M8266WIFI_SPI_ssa  M8266WIFIDrv_STM32F4xx.a(M8266WIFIDrv_STM32F4xx.o)
    0x08001fec   0x00000082   Code   RO         2565    .text.M8266WIFI_SPI_ssb  M8266WIFIDrv_STM32F4xx.a(M8266WIFIDrv_STM32F4xx.o)
    0x0800206e   0x00000002   PAD
    0x08002070   0x000000cc   Code   RO         2670    .text.M8266WIFI_SPI_ssmd  M8266WIFIDrv_STM32F4xx.a(M8266WIFIDrv_STM32F4xx.o)
    0x0800213c   0x000001c8   Code   RO         2619    .text.M8266WIFI_SPI_sstso  M8266WIFIDrv_STM32F4xx.a(M8266WIFIDrv_STM32F4xx.o)
    0x08002304   0x00000068   Code   RO         2577    .text.M8266WIFI_SPI_ssu  M8266WIFIDrv_STM32F4xx.a(M8266WIFIDrv_STM32F4xx.o)
    0x0800236c   0x00000044   Code   RO         2579    .text.M8266WIFI_SPI_ssud  M8266WIFIDrv_STM32F4xx.a(M8266WIFIDrv_STM32F4xx.o)
    0x080023b0   0x00000068   Code   RO         2578    .text.M8266WIFI_SPI_ssut  M8266WIFIDrv_STM32F4xx.a(M8266WIFIDrv_STM32F4xx.o)
    0x08002418   0x0000001c   Code   RO         2574    .text.M8266WIFI_SPI_tufs  M8266WIFIDrv_STM32F4xx.a(M8266WIFIDrv_STM32F4xx.o)
    0x08002434   0x0000003a   Code   RO         2569    .text.M8266WIFI_SPI_wsbsbs1  M8266WIFIDrv_STM32F4xx.a(M8266WIFIDrv_STM32F4xx.o)
    0x0800246e   0x0000003e   Code   RO         2580    .text.M8266WIFI_SPI_wscbf  M8266WIFIDrv_STM32F4xx.a(M8266WIFIDrv_STM32F4xx.o)
    0x080024ac   0x00000050   Code   RO         2590    .text.M8266WIFI_SPI_wscr  M8266WIFIDrv_STM32F4xx.a(M8266WIFIDrv_STM32F4xx.o)
    0x080024fc   0x0000004c   Code   RO         2571    .text.M8266WIFI_SPI_wspss  M8266WIFIDrv_STM32F4xx.a(M8266WIFIDrv_STM32F4xx.o)
    0x08002548   0x0000003c   Code   RO         2582    .text.M8266WIFI_Wait_SPI_sfad  M8266WIFIDrv_STM32F4xx.a(M8266WIFIDrv_STM32F4xx.o)
    0x08002584   0x0000005a   Code   RO         2560    .text.fvcp          M8266WIFIDrv_STM32F4xx.a(M8266WIFIDrv_STM32F4xx.o)
    0x080025de   0x00000002   PAD
    0x080025e0   0x00000034   Code   RO         2561    .text.fvdnstap      M8266WIFIDrv_STM32F4xx.a(M8266WIFIDrv_STM32F4xx.o)
    0x08002614   0x0000006e   Code   RO          580    i.ADC_DMAConvCplt   stm32f4xx_hal_adc.o
    0x08002682   0x00000016   Code   RO          581    i.ADC_DMAError      stm32f4xx_hal_adc.o
    0x08002698   0x0000000a   Code   RO          582    i.ADC_DMAHalfConvCplt  stm32f4xx_hal_adc.o
    0x080026a2   0x00000002   PAD
    0x080026a4   0x00000128   Code   RO          583    i.ADC_Init          stm32f4xx_hal_adc.o
    0x080027cc   0x00000002   Code   RO          474    i.BusFault_Handler  stm32f4xx_it.o
    0x080027ce   0x00000002   PAD
    0x080027d0   0x0000000c   Code   RO          475    i.DMA2_Stream0_IRQHandler  stm32f4xx_it.o
    0x080027dc   0x00000028   Code   RO         1317    i.DMA_CalcBaseAndBitshift  stm32f4xx_hal_dma.o
    0x08002804   0x00000054   Code   RO         1318    i.DMA_CheckFifoParam  stm32f4xx_hal_dma.o
    0x08002858   0x00000028   Code   RO         1319    i.DMA_SetConfig     stm32f4xx_hal_dma.o
    0x08002880   0x00000002   Code   RO          476    i.DebugMon_Handler  stm32f4xx_it.o
    0x08002882   0x00000004   Code   RO          259    i.Error_Handler     main.o
    0x08002886   0x00000002   PAD
    0x08002888   0x0000014c   Code   RO          585    i.HAL_ADC_ConfigChannel  stm32f4xx_hal_adc.o
    0x080029d4   0x00000058   Code   RO          260    i.HAL_ADC_ConvCpltCallback  main.o
    0x08002a2c   0x00000002   Code   RO          587    i.HAL_ADC_ConvHalfCpltCallback  stm32f4xx_hal_adc.o
    0x08002a2e   0x00000002   Code   RO          589    i.HAL_ADC_ErrorCallback  stm32f4xx_hal_adc.o
    0x08002a30   0x00000054   Code   RO          594    i.HAL_ADC_Init      stm32f4xx_hal_adc.o
    0x08002a84   0x00000098   Code   RO          367    i.HAL_ADC_MspInit   adc.o
    0x08002b1c   0x00000154   Code   RO          601    i.HAL_ADC_Start_DMA  stm32f4xx_hal_adc.o
    0x08002c70   0x000001a0   Code   RO         1325    i.HAL_DMA_IRQHandler  stm32f4xx_hal_dma.o
    0x08002e10   0x000000d4   Code   RO         1326    i.HAL_DMA_Init      stm32f4xx_hal_dma.o
    0x08002ee4   0x0000006e   Code   RO         1330    i.HAL_DMA_Start_IT  stm32f4xx_hal_dma.o
    0x08002f52   0x00000002   PAD
    0x08002f54   0x000001f0   Code   RO         1213    i.HAL_GPIO_Init     stm32f4xx_hal_gpio.o
    0x08003144   0x0000000a   Code   RO         1217    i.HAL_GPIO_WritePin  stm32f4xx_hal_gpio.o
    0x0800314e   0x00000002   PAD
    0x08003150   0x0000000c   Code   RO         1745    i.HAL_GetTick       stm32f4xx_hal.o
    0x0800315c   0x00000010   Code   RO         1751    i.HAL_IncTick       stm32f4xx_hal.o
    0x0800316c   0x00000034   Code   RO         1752    i.HAL_Init          stm32f4xx_hal.o
    0x080031a0   0x00000040   Code   RO         1753    i.HAL_InitTick      stm32f4xx_hal.o
    0x080031e0   0x00000030   Code   RO          556    i.HAL_MspInit       stm32f4xx_hal_msp.o
    0x08003210   0x0000001a   Code   RO         1602    i.HAL_NVIC_EnableIRQ  stm32f4xx_hal_cortex.o
    0x0800322a   0x00000002   PAD
    0x0800322c   0x00000040   Code   RO         1608    i.HAL_NVIC_SetPriority  stm32f4xx_hal_cortex.o
    0x0800326c   0x00000024   Code   RO         1609    i.HAL_NVIC_SetPriorityGrouping  stm32f4xx_hal_cortex.o
    0x08003290   0x00000134   Code   RO          859    i.HAL_RCC_ClockConfig  stm32f4xx_hal_rcc.o
    0x080033c4   0x0000000c   Code   RO          864    i.HAL_RCC_GetHCLKFreq  stm32f4xx_hal_rcc.o
    0x080033d0   0x00000060   Code   RO          868    i.HAL_RCC_GetSysClockFreq  stm32f4xx_hal_rcc.o
    0x08003430   0x0000036c   Code   RO          871    i.HAL_RCC_OscConfig  stm32f4xx_hal_rcc.o
    0x0800379c   0x000000bc   Code   RO         2001    i.HAL_SPI_Init      stm32f4xx_hal_spi.o
    0x08003858   0x00000068   Code   RO          433    i.HAL_SPI_MspInit   spi.o
    0x080038c0   0x00000028   Code   RO         1613    i.HAL_SYSTICK_Config  stm32f4xx_hal_cortex.o
    0x080038e8   0x00000002   Code   RO          477    i.HardFault_Handler  stm32f4xx_it.o
    0x080038ea   0x00000002   PAD
    0x080038ec   0x00000070   Code   RO         2386    i.M8266HostIf_GPIO_CS_RESET_Init  m8266hostif_stm32xx.o
    0x0800395c   0x0000000e   Code   RO         2387    i.M8266HostIf_Init  m8266hostif_stm32xx.o
    0x0800396a   0x00000002   PAD
    0x0800396c   0x00000098   Code   RO         2388    i.M8266HostIf_SPI_Init  m8266hostif_stm32xx.o
    0x08003a04   0x00000034   Code   RO         2390    i.M8266HostIf_SPI_SetSpeed  m8266hostif_stm32xx.o
    0x08003a38   0x00000014   Code   RO         2391    i.M8266HostIf_Set_SPI_nCS_Pin  m8266hostif_stm32xx.o
    0x08003a4c   0x00000014   Code   RO         2392    i.M8266HostIf_Set_nRESET_Pin  m8266hostif_stm32xx.o
    0x08003a60   0x00000004   Code   RO         2393    i.M8266HostIf_delay_us  m8266hostif_stm32xx.o
    0x08003a64   0x0000003a   Code   RO         2472    i.M8266WIFI_Module_Hardware_Reset  m8266wifi_ops.o
    0x08003a9e   0x00000002   PAD
    0x08003aa0   0x000000ec   Code   RO         2473    i.M8266WIFI_Module_Init_Via_SPI  m8266wifi_ops.o
    0x08003b8c   0x00000022   Code   RO         2474    i.M8266WIFI_Module_delay_ms  m8266wifi_ops.o
    0x08003bae   0x00000002   PAD
    0x08003bb0   0x0000004c   Code   RO         2475    i.M8266WIFI_SPI_wait_sta_connecting_to_ap_and_get_ip  m8266wifi_ops.o
    0x08003bfc   0x00000068   Code   RO          368    i.MX_ADC3_Init      adc.o
    0x08003c64   0x0000002c   Code   RO          408    i.MX_DMA_Init       dma.o
    0x08003c90   0x000000f4   Code   RO          342    i.MX_GPIO_Init      gpio.o
    0x08003d84   0x00000044   Code   RO          434    i.MX_SPI1_Init      spi.o
    0x08003dc8   0x00000002   Code   RO          478    i.MemManage_Handler  stm32f4xx_it.o
    0x08003dca   0x00000002   Code   RO          479    i.NMI_Handler       stm32f4xx_it.o
    0x08003dcc   0x00000002   Code   RO          480    i.PendSV_Handler    stm32f4xx_it.o
    0x08003dce   0x00000002   Code   RO          481    i.SVC_Handler       stm32f4xx_it.o
    0x08003dd0   0x00000004   Code   RO          482    i.SysTick_Handler   stm32f4xx_it.o
    0x08003dd4   0x00000094   Code   RO          261    i.SystemClock_Config  main.o
    0x08003e68   0x00000010   Code   RO         2349    i.SystemInit        system_stm32f4xx.o
    0x08003e78   0x00000002   Code   RO          483    i.UsageFault_Handler  stm32f4xx_it.o
    0x08003e7a   0x00000020   Code   RO         1615    i.__NVIC_SetPriority  stm32f4xx_hal_cortex.o
    0x08003e9a   0x00000002   PAD
    0x08003e9c   0x0000001c   Code   RO           13    i.delay_Init        delay.o
    0x08003eb8   0x00000034   Code   RO           16    i.delay_us          delay.o
    0x08003eec   0x00000074   Code   RO          262    i.main              main.o
    0x08003f60   0x00000090   Code   RO          263    i.wifi_init         main.o
    0x08003ff0   0x0000002c   Code   RO          162    i.wifi_spi_err      errcode.o
    0x0800401c   0x0000002c   Code   RO          163    i.wifi_workmode_err  errcode.o
    0x08004048   0x0000000a   Code   RO         2847    x$fpl$fpinit        g_wm.l(fpinit.o)
    0x08004052   0x00000002   PAD
    0x08004054   0x00000016   Data   RO          265    .constdata          main.o
    0x0800406a   0x00000008   Data   RO         1332    .constdata          stm32f4xx_hal_dma.o
    0x08004072   0x00000010   Data   RO         2350    .constdata          system_stm32f4xx.o
    0x08004082   0x00000002   PAD
    0x08004084   0x0000000a   Data   RO         2688    .rodata             M8266WIFIDrv_STM32F4xx.a(M8266WIFIDrv_STM32F4xx.o)
    0x0800408e   0x00000002   PAD
    0x08004090   0x00000008   Data   RO         2703    .rodata.M8266HostIf_SPI_Select.str1.4  M8266WIFIDrv_STM32F4xx.a(M8266WIFIDrv_STM32F4xx.o)
    0x08004098   0x00000010   Data   RO         2711    .rodata.M8266WIFI_SPI_STA_Connect_Ap.str1.4  M8266WIFIDrv_STM32F4xx.a(M8266WIFIDrv_STM32F4xx.o)
    0x080040a8   0x00000008   Data   RO         2712    .rodata.M8266WIFI_SPI_STA_Fetch_Last_Scanned_Signals.str1.4  M8266WIFIDrv_STM32F4xx.a(M8266WIFIDrv_STM32F4xx.o)
    0x080040b0   0x00000008   Data   RO         2713    .rodata.M8266WIFI_SPI_STA_Get_HostIP_by_HostName.str1.4  M8266WIFIDrv_STM32F4xx.a(M8266WIFIDrv_STM32F4xx.o)
    0x080040b8   0x00000008   Data   RO         2716    .rodata.M8266WIFI_SPI_capstp.str1.4  M8266WIFIDrv_STM32F4xx.a(M8266WIFIDrv_STM32F4xx.o)
    0x080040c0   0x00000008   Data   RO         2720    .rodata.M8266WIFI_SPI_srh.str1.4  M8266WIFIDrv_STM32F4xx.a(M8266WIFIDrv_STM32F4xx.o)
    0x080040c8   0x00000010   Data   RO         2721    .rodata.M8266WIFI_SPI_sstso.str1.4  M8266WIFIDrv_STM32F4xx.a(M8266WIFIDrv_STM32F4xx.o)
    0x080040d8   0x00000010   Data   RO         2722    .rodata.cpu_name    M8266WIFIDrv_STM32F4xx.a(M8266WIFIDrv_STM32F4xx.o)
    0x080040e8   0x00000006   Data   RO         2723    .rodata.wr_status_test_data  M8266WIFIDrv_STM32F4xx.a(M8266WIFIDrv_STM32F4xx.o)
    0x080040ee   0x00000002   PAD
    0x080040f0   0x00000020   Data   RO         2903    Region$$Table       anon$$obj.o


    Execution Region RW_IRAM1 (Base: 0x20000000, Size: 0x00000de8, Max: 0x0001c000, ABSOLUTE)

    Base Addr    Size         Type   Attr      Idx    E Section Name        Object

    0x20000000   0x00000004   Data   RW           17    .data               delay.o
    0x20000004   0x00000001   Data   RW          266    .data               main.o
    0x20000005   0x00000003   PAD
    0x20000008   0x0000000c   Data   RW         1759    .data               stm32f4xx_hal.o
    0x20000014   0x00000004   Data   RW         2352    .data               system_stm32f4xx.o
    0x20000018   0x00000011   Data   RW         2698    .data.module_fw_ver  M8266WIFIDrv_STM32F4xx.a(M8266WIFIDrv_STM32F4xx.o)
    0x20000029   0x00000003   PAD
    0x2000002c   0x000005a0   Zero   RW          264    .bss                main.o
    0x200005cc   0x000000a8   Zero   RW          369    .bss                adc.o
    0x20000674   0x00000058   Zero   RW          435    .bss                spi.o
    0x200006cc   0x00000058   Zero   RW         2394    .bss                m8266hostif_stm32xx.o
    0x20000724   0x00000060   Zero   RW         2777    .bss                c_w.l(libspace.o)
    0x20000784   0x00000004   Zero   RW         2689    .bss.M8266WIFI_INTERFACE_SPI  M8266WIFIDrv_STM32F4xx.a(M8266WIFIDrv_STM32F4xx.o)
    0x20000788   0x00000004   Zero   RW         2690    .bss.M8266WIFI_INTERFACE_SPI_RX_DMA  M8266WIFIDrv_STM32F4xx.a(M8266WIFIDrv_STM32F4xx.o)
    0x2000078c   0x00000004   Zero   RW         2691    .bss.M8266WIFI_INTERFACE_SPI_RX_DMA_STREAM  M8266WIFIDrv_STM32F4xx.a(M8266WIFIDrv_STM32F4xx.o)
    0x20000790   0x00000004   Zero   RW         2692    .bss.M8266WIFI_INTERFACE_SPI_TX_DMA  M8266WIFIDrv_STM32F4xx.a(M8266WIFIDrv_STM32F4xx.o)
    0x20000794   0x00000004   Zero   RW         2693    .bss.M8266WIFI_INTERFACE_SPI_TX_DMA_STREAM  M8266WIFIDrv_STM32F4xx.a(M8266WIFIDrv_STM32F4xx.o)
    0x20000798   0x00000001   Zero   RW         2694    .bss.SPI_DATA_TRANSFER_USE_DMA  M8266WIFIDrv_STM32F4xx.a(M8266WIFIDrv_STM32F4xx.o)
    0x20000799   0x00000003   PAD
    0x2000079c   0x00000044   Zero   RW         2695    .bss.dma_buf        M8266WIFIDrv_STM32F4xx.a(M8266WIFIDrv_STM32F4xx.o)
    0x200007e0   0x00000002   Zero   RW         2696    .bss.saaddlpct      M8266WIFIDrv_STM32F4xx.a(M8266WIFIDrv_STM32F4xx.o)
    0x200007e2   0x00000001   Zero   RW         2697    .bss.spi_write_need_additional_delay  M8266WIFIDrv_STM32F4xx.a(M8266WIFIDrv_STM32F4xx.o)
    0x200007e3   0x00000005   PAD
    0x200007e8   0x00000200   Zero   RW            2    HEAP                startup_stm32f407xx.o
    0x200009e8   0x00000400   Zero   RW            1    STACK               startup_stm32f407xx.o


    Execution Region RW_IRAM2 (Base: 0x2001c000, Size: 0x00000000, Max: 0x00004000, ABSOLUTE)

    **** No section assigned to this execution region ****


==============================================================================

Image component sizes


      Code (inc. data)   RO Data    RW Data    ZI Data      Debug   Object Name

       256         36          0          0        168       1743   adc.o
        80         14          0          4          0     671516   delay.o
        44          4          0          0          0        754   dma.o
        88         10          0          0          0        983   errcode.o
       244         22          0          0          0       1039   gpio.o
       374         38          0          0         88       4923   m8266hostif_stm32xx.o
       404         44          0          0          0       3923   m8266wifi_ops.o
       500         88         22          1       1440       3780   main.o
       172         20          0          0         88       1657   spi.o
        64         26        392          0       1536        844   startup_stm32f407xx.o
       144         24          0         12          0       8773   stm32f4xx_hal.o
      1198         66          0          0          0       6906   stm32f4xx_hal_adc.o
       198         14          0          0          0      33951   stm32f4xx_hal_cortex.o
       902         16          8          0          0       5815   stm32f4xx_hal_dma.o
       506         46          0          0          0       2192   stm32f4xx_hal_gpio.o
        48          6          0          0          0        830   stm32f4xx_hal_msp.o
      1292         54          0          0          0       4534   stm32f4xx_hal_rcc.o
       188          0          0          0          0       1199   stm32f4xx_hal_spi.o
        32          6          0          0          0       4564   stm32f4xx_it.o
        16          4         16          4          0       1107   system_stm32f4xx.o

    ----------------------------------------------------------------------
      6772        538        472         24       3320     761033   Object Totals
         0          0         32          0          0          0   (incl. Generated)
        22          0          2          3          0          0   (incl. Padding)

    ----------------------------------------------------------------------

      Code (inc. data)   RO Data    RW Data    ZI Data      Debug   Library Member Name

      8464        198        104         17         92          0   M8266WIFIDrv_STM32F4xx.o
         8          0          0          0          0         68   __main.o
         0          0          0          0          0          0   __rtentry.o
        12          0          0          0          0          0   __rtentry2.o
         6          0          0          0          0          0   __rtentry4.o
        52          8          0          0          0          0   __scatter.o
        26          0          0          0          0          0   __scatter_copy.o
        28          0          0          0          0          0   __scatter_zi.o
        18          0          0          0          0         80   exit.o
         6          0          0          0          0        152   heapauxi.o
         0          0          0          0          0          0   indicate_semi.o
         2          0          0          0          0          0   libinit.o
         6          0          0          0          0          0   libinit2.o
         2          0          0          0          0          0   libshutdown.o
         2          0          0          0          0          0   libshutdown2.o
         8          4          0          0         96         68   libspace.o
       238          0          0          0          0        100   lludivv7m.o
        22          0          0          0          0         76   memset.o
        68          0          0          0          0         68   rt_memclr.o
        78          0          0          0          0         80   rt_memclr_w.o
         2          0          0          0          0          0   rtexit.o
        10          0          0          0          0          0   rtexit2.o
       128          0          0          0          0         68   strcmpv7m.o
        12          4          0          0          0         68   sys_exit.o
        74          0          0          0          0         80   sys_stackheap_outer.o
         2          0          0          0          0         68   use_no_semi.o
        10          0          0          0          0        116   fpinit.o

    ----------------------------------------------------------------------
      9304        214        108         20        196       1092   Library Totals
        20          0          4          3          8          0   (incl. Padding)

    ----------------------------------------------------------------------

      Code (inc. data)   RO Data    RW Data    ZI Data      Debug   Library Name

      8464        198        104         17         92          0   M8266WIFIDrv_STM32F4xx.a
       810         16          0          0         96        976   c_w.l
        10          0          0          0          0        116   g_wm.l

    ----------------------------------------------------------------------
      9304        214        108         20        196       1092   Library Totals

    ----------------------------------------------------------------------

==============================================================================


      Code (inc. data)   RO Data    RW Data    ZI Data      Debug   

     16076        752        580         44       3516     755609   Grand Totals
     16076        752        580         44       3516     755609   ELF Image Totals
     16076        752        580         44          0          0   ROM Totals

==============================================================================

    Total RO  Size (Code + RO Data)                16656 (  16.27kB)
    Total RW  Size (RW Data + ZI Data)              3560 (   3.48kB)
    Total ROM Size (Code + RO Data + RW Data)      16700 (  16.31kB)

==============================================================================

